Archive member included to satisfy reference by file (symbol)

c:/ac6/systemworkbench/plugins/fr.ac6.mcu.externaltools.arm-none.win32_1.17.0.201812190825/tools/compiler/bin/../lib/gcc/arm-none-eabi/7.3.1/thumb/v7e-m/fpv4-sp/hard\libgcc.a(_arm_addsubdf3.o)
                              Drivers/src/PollDataClient.o (__aeabi_dsub)
c:/ac6/systemworkbench/plugins/fr.ac6.mcu.externaltools.arm-none.win32_1.17.0.201812190825/tools/compiler/bin/../lib/gcc/arm-none-eabi/7.3.1/thumb/v7e-m/fpv4-sp/hard\libgcc.a(_arm_muldivdf3.o)
                              Drivers/src/PollDataClient.o (__aeabi_dmul)
c:/ac6/systemworkbench/plugins/fr.ac6.mcu.externaltools.arm-none.win32_1.17.0.201812190825/tools/compiler/bin/../lib/gcc/arm-none-eabi/7.3.1/thumb/v7e-m/fpv4-sp/hard\libgcc.a(_arm_cmpdf2.o)
                              Drivers/src/PollDataClient.o (__aeabi_dcmpeq)
c:/ac6/systemworkbench/plugins/fr.ac6.mcu.externaltools.arm-none.win32_1.17.0.201812190825/tools/compiler/bin/../lib/gcc/arm-none-eabi/7.3.1/thumb/v7e-m/fpv4-sp/hard\libgcc.a(_arm_fixunsdfsi.o)
                              Drivers/src/PollDataClient.o (__aeabi_d2uiz)
c:/ac6/systemworkbench/plugins/fr.ac6.mcu.externaltools.arm-none.win32_1.17.0.201812190825/tools/compiler/bin/../lib/gcc/arm-none-eabi/7.3.1/../../../../arm-none-eabi/lib/thumb/v7e-m/fpv4-sp/hard\libc.a(lib_a-errno.o)
                              src/syscalls.o (__errno)
c:/ac6/systemworkbench/plugins/fr.ac6.mcu.externaltools.arm-none.win32_1.17.0.201812190825/tools/compiler/bin/../lib/gcc/arm-none-eabi/7.3.1/../../../../arm-none-eabi/lib/thumb/v7e-m/fpv4-sp/hard\libc.a(lib_a-exit.o)
                              c:/ac6/systemworkbench/plugins/fr.ac6.mcu.externaltools.arm-none.win32_1.17.0.201812190825/tools/compiler/bin/../lib/gcc/arm-none-eabi/7.3.1/../../../../arm-none-eabi/lib/thumb/v7e-m/fpv4-sp/hard/crt0.o (exit)
c:/ac6/systemworkbench/plugins/fr.ac6.mcu.externaltools.arm-none.win32_1.17.0.201812190825/tools/compiler/bin/../lib/gcc/arm-none-eabi/7.3.1/../../../../arm-none-eabi/lib/thumb/v7e-m/fpv4-sp/hard\libc.a(lib_a-impure.o)
                              c:/ac6/systemworkbench/plugins/fr.ac6.mcu.externaltools.arm-none.win32_1.17.0.201812190825/tools/compiler/bin/../lib/gcc/arm-none-eabi/7.3.1/../../../../arm-none-eabi/lib/thumb/v7e-m/fpv4-sp/hard\libc.a(lib_a-exit.o) (_global_impure_ptr)
c:/ac6/systemworkbench/plugins/fr.ac6.mcu.externaltools.arm-none.win32_1.17.0.201812190825/tools/compiler/bin/../lib/gcc/arm-none-eabi/7.3.1/../../../../arm-none-eabi/lib/thumb/v7e-m/fpv4-sp/hard\libc.a(lib_a-init.o)
                              c:/ac6/systemworkbench/plugins/fr.ac6.mcu.externaltools.arm-none.win32_1.17.0.201812190825/tools/compiler/bin/../lib/gcc/arm-none-eabi/7.3.1/../../../../arm-none-eabi/lib/thumb/v7e-m/fpv4-sp/hard/crt0.o (__libc_init_array)
c:/ac6/systemworkbench/plugins/fr.ac6.mcu.externaltools.arm-none.win32_1.17.0.201812190825/tools/compiler/bin/../lib/gcc/arm-none-eabi/7.3.1/../../../../arm-none-eabi/lib/thumb/v7e-m/fpv4-sp/hard\libc.a(lib_a-memset.o)
                              c:/ac6/systemworkbench/plugins/fr.ac6.mcu.externaltools.arm-none.win32_1.17.0.201812190825/tools/compiler/bin/../lib/gcc/arm-none-eabi/7.3.1/../../../../arm-none-eabi/lib/thumb/v7e-m/fpv4-sp/hard/crt0.o (memset)
c:/ac6/systemworkbench/plugins/fr.ac6.mcu.externaltools.arm-none.win32_1.17.0.201812190825/tools/compiler/bin/../lib/gcc/arm-none-eabi/7.3.1/../../../../arm-none-eabi/lib/thumb/v7e-m/fpv4-sp/hard\libc.a(lib_a-__call_atexit.o)
                              c:/ac6/systemworkbench/plugins/fr.ac6.mcu.externaltools.arm-none.win32_1.17.0.201812190825/tools/compiler/bin/../lib/gcc/arm-none-eabi/7.3.1/../../../../arm-none-eabi/lib/thumb/v7e-m/fpv4-sp/hard\libc.a(lib_a-exit.o) (__call_exitprocs)
c:/ac6/systemworkbench/plugins/fr.ac6.mcu.externaltools.arm-none.win32_1.17.0.201812190825/tools/compiler/bin/../lib/gcc/arm-none-eabi/7.3.1/../../../../arm-none-eabi/lib/thumb/v7e-m/fpv4-sp/hard\libc.a(lib_a-atexit.o)
                              c:/ac6/systemworkbench/plugins/fr.ac6.mcu.externaltools.arm-none.win32_1.17.0.201812190825/tools/compiler/bin/../lib/gcc/arm-none-eabi/7.3.1/../../../../arm-none-eabi/lib/thumb/v7e-m/fpv4-sp/hard\libc.a(lib_a-__call_atexit.o) (atexit)
c:/ac6/systemworkbench/plugins/fr.ac6.mcu.externaltools.arm-none.win32_1.17.0.201812190825/tools/compiler/bin/../lib/gcc/arm-none-eabi/7.3.1/../../../../arm-none-eabi/lib/thumb/v7e-m/fpv4-sp/hard\libc.a(lib_a-fini.o)
                              c:/ac6/systemworkbench/plugins/fr.ac6.mcu.externaltools.arm-none.win32_1.17.0.201812190825/tools/compiler/bin/../lib/gcc/arm-none-eabi/7.3.1/../../../../arm-none-eabi/lib/thumb/v7e-m/fpv4-sp/hard\libc.a(lib_a-__call_atexit.o) (__libc_fini_array)
c:/ac6/systemworkbench/plugins/fr.ac6.mcu.externaltools.arm-none.win32_1.17.0.201812190825/tools/compiler/bin/../lib/gcc/arm-none-eabi/7.3.1/../../../../arm-none-eabi/lib/thumb/v7e-m/fpv4-sp/hard\libc.a(lib_a-lock.o)
                              c:/ac6/systemworkbench/plugins/fr.ac6.mcu.externaltools.arm-none.win32_1.17.0.201812190825/tools/compiler/bin/../lib/gcc/arm-none-eabi/7.3.1/../../../../arm-none-eabi/lib/thumb/v7e-m/fpv4-sp/hard\libc.a(lib_a-__call_atexit.o) (__retarget_lock_acquire_recursive)
c:/ac6/systemworkbench/plugins/fr.ac6.mcu.externaltools.arm-none.win32_1.17.0.201812190825/tools/compiler/bin/../lib/gcc/arm-none-eabi/7.3.1/../../../../arm-none-eabi/lib/thumb/v7e-m/fpv4-sp/hard\libc.a(lib_a-__atexit.o)
                              c:/ac6/systemworkbench/plugins/fr.ac6.mcu.externaltools.arm-none.win32_1.17.0.201812190825/tools/compiler/bin/../lib/gcc/arm-none-eabi/7.3.1/../../../../arm-none-eabi/lib/thumb/v7e-m/fpv4-sp/hard\libc.a(lib_a-atexit.o) (__register_exitproc)

Allocating common symbols
Common symbol       size              file

__lock___atexit_recursive_mutex
                    0x1               c:/ac6/systemworkbench/plugins/fr.ac6.mcu.externaltools.arm-none.win32_1.17.0.201812190825/tools/compiler/bin/../lib/gcc/arm-none-eabi/7.3.1/../../../../arm-none-eabi/lib/thumb/v7e-m/fpv4-sp/hard\libc.a(lib_a-lock.o)
__lock___arc4random_mutex
                    0x1               c:/ac6/systemworkbench/plugins/fr.ac6.mcu.externaltools.arm-none.win32_1.17.0.201812190825/tools/compiler/bin/../lib/gcc/arm-none-eabi/7.3.1/../../../../arm-none-eabi/lib/thumb/v7e-m/fpv4-sp/hard\libc.a(lib_a-lock.o)
__lock___env_recursive_mutex
                    0x1               c:/ac6/systemworkbench/plugins/fr.ac6.mcu.externaltools.arm-none.win32_1.17.0.201812190825/tools/compiler/bin/../lib/gcc/arm-none-eabi/7.3.1/../../../../arm-none-eabi/lib/thumb/v7e-m/fpv4-sp/hard\libc.a(lib_a-lock.o)
__lock___sinit_recursive_mutex
                    0x1               c:/ac6/systemworkbench/plugins/fr.ac6.mcu.externaltools.arm-none.win32_1.17.0.201812190825/tools/compiler/bin/../lib/gcc/arm-none-eabi/7.3.1/../../../../arm-none-eabi/lib/thumb/v7e-m/fpv4-sp/hard\libc.a(lib_a-lock.o)
__lock___malloc_recursive_mutex
                    0x1               c:/ac6/systemworkbench/plugins/fr.ac6.mcu.externaltools.arm-none.win32_1.17.0.201812190825/tools/compiler/bin/../lib/gcc/arm-none-eabi/7.3.1/../../../../arm-none-eabi/lib/thumb/v7e-m/fpv4-sp/hard\libc.a(lib_a-lock.o)
data                0x4               Drivers/src/device.o
__lock___at_quick_exit_mutex
                    0x1               c:/ac6/systemworkbench/plugins/fr.ac6.mcu.externaltools.arm-none.win32_1.17.0.201812190825/tools/compiler/bin/../lib/gcc/arm-none-eabi/7.3.1/../../../../arm-none-eabi/lib/thumb/v7e-m/fpv4-sp/hard\libc.a(lib_a-lock.o)
__lock___dd_hash_mutex
                    0x1               c:/ac6/systemworkbench/plugins/fr.ac6.mcu.externaltools.arm-none.win32_1.17.0.201812190825/tools/compiler/bin/../lib/gcc/arm-none-eabi/7.3.1/../../../../arm-none-eabi/lib/thumb/v7e-m/fpv4-sp/hard\libc.a(lib_a-lock.o)
__lock___tz_mutex   0x1               c:/ac6/systemworkbench/plugins/fr.ac6.mcu.externaltools.arm-none.win32_1.17.0.201812190825/tools/compiler/bin/../lib/gcc/arm-none-eabi/7.3.1/../../../../arm-none-eabi/lib/thumb/v7e-m/fpv4-sp/hard\libc.a(lib_a-lock.o)
__lock___sfp_recursive_mutex
                    0x1               c:/ac6/systemworkbench/plugins/fr.ac6.mcu.externaltools.arm-none.win32_1.17.0.201812190825/tools/compiler/bin/../lib/gcc/arm-none-eabi/7.3.1/../../../../arm-none-eabi/lib/thumb/v7e-m/fpv4-sp/hard\libc.a(lib_a-lock.o)

Discarded input sections

 .text          0x00000000        0x0 c:/ac6/systemworkbench/plugins/fr.ac6.mcu.externaltools.arm-none.win32_1.17.0.201812190825/tools/compiler/bin/../lib/gcc/arm-none-eabi/7.3.1/thumb/v7e-m/fpv4-sp/hard/crti.o
 .data          0x00000000        0x0 c:/ac6/systemworkbench/plugins/fr.ac6.mcu.externaltools.arm-none.win32_1.17.0.201812190825/tools/compiler/bin/../lib/gcc/arm-none-eabi/7.3.1/thumb/v7e-m/fpv4-sp/hard/crti.o
 .bss           0x00000000        0x0 c:/ac6/systemworkbench/plugins/fr.ac6.mcu.externaltools.arm-none.win32_1.17.0.201812190825/tools/compiler/bin/../lib/gcc/arm-none-eabi/7.3.1/thumb/v7e-m/fpv4-sp/hard/crti.o
 .data          0x00000000        0x4 c:/ac6/systemworkbench/plugins/fr.ac6.mcu.externaltools.arm-none.win32_1.17.0.201812190825/tools/compiler/bin/../lib/gcc/arm-none-eabi/7.3.1/thumb/v7e-m/fpv4-sp/hard/crtbegin.o
 .text          0x00000000       0x74 c:/ac6/systemworkbench/plugins/fr.ac6.mcu.externaltools.arm-none.win32_1.17.0.201812190825/tools/compiler/bin/../lib/gcc/arm-none-eabi/7.3.1/../../../../arm-none-eabi/lib/thumb/v7e-m/fpv4-sp/hard/crt0.o
 .data          0x00000000        0x0 c:/ac6/systemworkbench/plugins/fr.ac6.mcu.externaltools.arm-none.win32_1.17.0.201812190825/tools/compiler/bin/../lib/gcc/arm-none-eabi/7.3.1/../../../../arm-none-eabi/lib/thumb/v7e-m/fpv4-sp/hard/crt0.o
 .bss           0x00000000        0x0 c:/ac6/systemworkbench/plugins/fr.ac6.mcu.externaltools.arm-none.win32_1.17.0.201812190825/tools/compiler/bin/../lib/gcc/arm-none-eabi/7.3.1/../../../../arm-none-eabi/lib/thumb/v7e-m/fpv4-sp/hard/crt0.o
 .ARM.extab     0x00000000        0x0 c:/ac6/systemworkbench/plugins/fr.ac6.mcu.externaltools.arm-none.win32_1.17.0.201812190825/tools/compiler/bin/../lib/gcc/arm-none-eabi/7.3.1/../../../../arm-none-eabi/lib/thumb/v7e-m/fpv4-sp/hard/crt0.o
 .ARM.exidx     0x00000000        0x8 c:/ac6/systemworkbench/plugins/fr.ac6.mcu.externaltools.arm-none.win32_1.17.0.201812190825/tools/compiler/bin/../lib/gcc/arm-none-eabi/7.3.1/../../../../arm-none-eabi/lib/thumb/v7e-m/fpv4-sp/hard/crt0.o
 .ARM.attributes
                0x00000000       0x20 c:/ac6/systemworkbench/plugins/fr.ac6.mcu.externaltools.arm-none.win32_1.17.0.201812190825/tools/compiler/bin/../lib/gcc/arm-none-eabi/7.3.1/../../../../arm-none-eabi/lib/thumb/v7e-m/fpv4-sp/hard/crt0.o
 .group         0x00000000        0xc Drivers/src/PID.o
 .text          0x00000000        0x0 Drivers/src/PID.o
 .data          0x00000000        0x0 Drivers/src/PID.o
 .bss           0x00000000        0x0 Drivers/src/PID.o
 .debug_info    0x00000000       0x21 Drivers/src/PID.o
 .debug_abbrev  0x00000000       0x13 Drivers/src/PID.o
 .debug_aranges
                0x00000000       0x18 Drivers/src/PID.o
 .debug_macro   0x00000000       0x11 Drivers/src/PID.o
 .debug_macro   0x00000000      0xa66 Drivers/src/PID.o
 .debug_line    0x00000000       0x35 Drivers/src/PID.o
 .debug_str     0x00000000     0x2cd8 Drivers/src/PID.o
 .comment       0x00000000       0x80 Drivers/src/PID.o
 .ARM.attributes
                0x00000000       0x39 Drivers/src/PID.o
 .group         0x00000000        0xc Drivers/src/PollDataClient.o
 .group         0x00000000        0xc Drivers/src/PollDataClient.o
 .group         0x00000000        0xc Drivers/src/PollDataClient.o
 .group         0x00000000        0xc Drivers/src/PollDataClient.o
 .group         0x00000000        0xc Drivers/src/PollDataClient.o
 .group         0x00000000        0xc Drivers/src/PollDataClient.o
 .group         0x00000000        0xc Drivers/src/PollDataClient.o
 .group         0x00000000        0xc Drivers/src/PollDataClient.o
 .group         0x00000000        0xc Drivers/src/PollDataClient.o
 .group         0x00000000        0xc Drivers/src/PollDataClient.o
 .group         0x00000000        0xc Drivers/src/PollDataClient.o
 .group         0x00000000        0xc Drivers/src/PollDataClient.o
 .group         0x00000000        0xc Drivers/src/PollDataClient.o
 .group         0x00000000        0xc Drivers/src/PollDataClient.o
 .text          0x00000000        0x0 Drivers/src/PollDataClient.o
 .debug_macro   0x00000000      0xa66 Drivers/src/PollDataClient.o
 .group         0x00000000        0xc Drivers/src/PollerTimer.o
 .group         0x00000000        0xc Drivers/src/PollerTimer.o
 .group         0x00000000        0xc Drivers/src/PollerTimer.o
 .group         0x00000000        0xc Drivers/src/PollerTimer.o
 .group         0x00000000        0xc Drivers/src/PollerTimer.o
 .group         0x00000000        0xc Drivers/src/PollerTimer.o
 .group         0x00000000        0xc Drivers/src/PollerTimer.o
 .group         0x00000000        0xc Drivers/src/PollerTimer.o
 .group         0x00000000        0xc Drivers/src/PollerTimer.o
 .group         0x00000000        0xc Drivers/src/PollerTimer.o
 .group         0x00000000        0xc Drivers/src/PollerTimer.o
 .group         0x00000000        0xc Drivers/src/PollerTimer.o
 .group         0x00000000        0xc Drivers/src/PollerTimer.o
 .text          0x00000000        0x0 Drivers/src/PollerTimer.o
 .data          0x00000000        0x0 Drivers/src/PollerTimer.o
 .bss           0x00000000        0x0 Drivers/src/PollerTimer.o
 .text.NVIC_DisableIRQ
                0x00000000       0x34 Drivers/src/PollerTimer.o
 .text.StopTimer
                0x00000000       0x22 Drivers/src/PollerTimer.o
 .text.DisableInterrupt
                0x00000000       0x22 Drivers/src/PollerTimer.o
 .debug_macro   0x00000000      0xa66 Drivers/src/PollerTimer.o
 .debug_macro   0x00000000       0x65 Drivers/src/PollerTimer.o
 .debug_macro   0x00000000       0x3b Drivers/src/PollerTimer.o
 .debug_macro   0x00000000       0x22 Drivers/src/PollerTimer.o
 .debug_macro   0x00000000       0x8e Drivers/src/PollerTimer.o
 .debug_macro   0x00000000       0x51 Drivers/src/PollerTimer.o
 .debug_macro   0x00000000       0xef Drivers/src/PollerTimer.o
 .debug_macro   0x00000000       0x6a Drivers/src/PollerTimer.o
 .debug_macro   0x00000000      0x1df Drivers/src/PollerTimer.o
 .debug_macro   0x00000000       0x34 Drivers/src/PollerTimer.o
 .debug_macro   0x00000000       0x26 Drivers/src/PollerTimer.o
 .debug_macro   0x00000000      0xe43 Drivers/src/PollerTimer.o
 .debug_macro   0x00000000     0x800a Drivers/src/PollerTimer.o
 .group         0x00000000        0xc Drivers/src/SPI.o
 .group         0x00000000        0xc Drivers/src/SPI.o
 .group         0x00000000        0xc Drivers/src/SPI.o
 .group         0x00000000        0xc Drivers/src/SPI.o
 .group         0x00000000        0xc Drivers/src/SPI.o
 .group         0x00000000        0xc Drivers/src/SPI.o
 .group         0x00000000        0xc Drivers/src/SPI.o
 .group         0x00000000        0xc Drivers/src/SPI.o
 .group         0x00000000        0xc Drivers/src/SPI.o
 .group         0x00000000        0xc Drivers/src/SPI.o
 .group         0x00000000        0xc Drivers/src/SPI.o
 .group         0x00000000        0xc Drivers/src/SPI.o
 .group         0x00000000        0xc Drivers/src/SPI.o
 .text          0x00000000        0x0 Drivers/src/SPI.o
 .data          0x00000000        0x0 Drivers/src/SPI.o
 .bss           0x00000000        0x0 Drivers/src/SPI.o
 .text.SPI1_Write
                0x00000000       0x34 Drivers/src/SPI.o
 .text.SPI1_Read
                0x00000000       0x2c Drivers/src/SPI.o
 .text.SPI1_CS_ENABLE
                0x00000000       0x20 Drivers/src/SPI.o
 .text.SPI1_CS_DISABLE
                0x00000000       0x20 Drivers/src/SPI.o
 .debug_macro   0x00000000      0xa66 Drivers/src/SPI.o
 .debug_macro   0x00000000       0x65 Drivers/src/SPI.o
 .debug_macro   0x00000000       0x3b Drivers/src/SPI.o
 .debug_macro   0x00000000       0x22 Drivers/src/SPI.o
 .debug_macro   0x00000000       0x8e Drivers/src/SPI.o
 .debug_macro   0x00000000       0x51 Drivers/src/SPI.o
 .debug_macro   0x00000000       0xef Drivers/src/SPI.o
 .debug_macro   0x00000000       0x6a Drivers/src/SPI.o
 .debug_macro   0x00000000      0x1df Drivers/src/SPI.o
 .debug_macro   0x00000000       0x34 Drivers/src/SPI.o
 .debug_macro   0x00000000       0x26 Drivers/src/SPI.o
 .debug_macro   0x00000000      0xe43 Drivers/src/SPI.o
 .debug_macro   0x00000000     0x800a Drivers/src/SPI.o
 .group         0x00000000        0xc Drivers/src/TIM.o
 .group         0x00000000        0xc Drivers/src/TIM.o
 .group         0x00000000        0xc Drivers/src/TIM.o
 .group         0x00000000        0xc Drivers/src/TIM.o
 .group         0x00000000        0xc Drivers/src/TIM.o
 .group         0x00000000        0xc Drivers/src/TIM.o
 .group         0x00000000        0xc Drivers/src/TIM.o
 .group         0x00000000        0xc Drivers/src/TIM.o
 .group         0x00000000        0xc Drivers/src/TIM.o
 .group         0x00000000        0xc Drivers/src/TIM.o
 .group         0x00000000        0xc Drivers/src/TIM.o
 .group         0x00000000        0xc Drivers/src/TIM.o
 .group         0x00000000        0xc Drivers/src/TIM.o
 .text          0x00000000        0x0 Drivers/src/TIM.o
 .data          0x00000000        0x0 Drivers/src/TIM.o
 .bss           0x00000000        0x0 Drivers/src/TIM.o
 .debug_macro   0x00000000      0xa66 Drivers/src/TIM.o
 .debug_macro   0x00000000       0x65 Drivers/src/TIM.o
 .debug_macro   0x00000000       0x3b Drivers/src/TIM.o
 .debug_macro   0x00000000       0x22 Drivers/src/TIM.o
 .debug_macro   0x00000000       0x8e Drivers/src/TIM.o
 .debug_macro   0x00000000       0x51 Drivers/src/TIM.o
 .debug_macro   0x00000000       0xef Drivers/src/TIM.o
 .debug_macro   0x00000000       0x6a Drivers/src/TIM.o
 .debug_macro   0x00000000      0x1df Drivers/src/TIM.o
 .debug_macro   0x00000000       0x34 Drivers/src/TIM.o
 .debug_macro   0x00000000       0x26 Drivers/src/TIM.o
 .debug_macro   0x00000000      0xe43 Drivers/src/TIM.o
 .debug_macro   0x00000000     0x800a Drivers/src/TIM.o
 .group         0x00000000        0xc Drivers/src/device.o
 .group         0x00000000        0xc Drivers/src/device.o
 .group         0x00000000        0xc Drivers/src/device.o
 .group         0x00000000        0xc Drivers/src/device.o
 .group         0x00000000        0xc Drivers/src/device.o
 .group         0x00000000        0xc Drivers/src/device.o
 .group         0x00000000        0xc Drivers/src/device.o
 .group         0x00000000        0xc Drivers/src/device.o
 .group         0x00000000        0xc Drivers/src/device.o
 .group         0x00000000        0xc Drivers/src/device.o
 .group         0x00000000        0xc Drivers/src/device.o
 .group         0x00000000        0xc Drivers/src/device.o
 .group         0x00000000        0xc Drivers/src/device.o
 .text          0x00000000        0x0 Drivers/src/device.o
 .data          0x00000000        0x0 Drivers/src/device.o
 .debug_macro   0x00000000      0xa66 Drivers/src/device.o
 .debug_macro   0x00000000       0x65 Drivers/src/device.o
 .debug_macro   0x00000000       0x3b Drivers/src/device.o
 .debug_macro   0x00000000       0x22 Drivers/src/device.o
 .debug_macro   0x00000000       0x8e Drivers/src/device.o
 .debug_macro   0x00000000       0x51 Drivers/src/device.o
 .debug_macro   0x00000000       0xef Drivers/src/device.o
 .debug_macro   0x00000000       0x6a Drivers/src/device.o
 .debug_macro   0x00000000      0x1df Drivers/src/device.o
 .debug_macro   0x00000000       0x34 Drivers/src/device.o
 .debug_macro   0x00000000       0x26 Drivers/src/device.o
 .debug_macro   0x00000000      0xe43 Drivers/src/device.o
 .debug_macro   0x00000000     0x800a Drivers/src/device.o
 COMMON         0x00000000        0x4 Drivers/src/device.o
 .group         0x00000000        0xc Drivers/src/gpio.o
 .group         0x00000000        0xc Drivers/src/gpio.o
 .group         0x00000000        0xc Drivers/src/gpio.o
 .group         0x00000000        0xc Drivers/src/gpio.o
 .group         0x00000000        0xc Drivers/src/gpio.o
 .group         0x00000000        0xc Drivers/src/gpio.o
 .group         0x00000000        0xc Drivers/src/gpio.o
 .group         0x00000000        0xc Drivers/src/gpio.o
 .group         0x00000000        0xc Drivers/src/gpio.o
 .group         0x00000000        0xc Drivers/src/gpio.o
 .group         0x00000000        0xc Drivers/src/gpio.o
 .group         0x00000000        0xc Drivers/src/gpio.o
 .group         0x00000000        0xc Drivers/src/gpio.o
 .text          0x00000000        0x0 Drivers/src/gpio.o
 .data          0x00000000        0x0 Drivers/src/gpio.o
 .bss           0x00000000        0x0 Drivers/src/gpio.o
 .text.GPIO_Read
                0x00000000       0x5e Drivers/src/gpio.o
 .debug_macro   0x00000000      0xa66 Drivers/src/gpio.o
 .debug_macro   0x00000000       0x65 Drivers/src/gpio.o
 .debug_macro   0x00000000       0x3b Drivers/src/gpio.o
 .debug_macro   0x00000000       0x22 Drivers/src/gpio.o
 .debug_macro   0x00000000       0x8e Drivers/src/gpio.o
 .debug_macro   0x00000000       0x51 Drivers/src/gpio.o
 .debug_macro   0x00000000       0xef Drivers/src/gpio.o
 .debug_macro   0x00000000       0x6a Drivers/src/gpio.o
 .debug_macro   0x00000000      0x1df Drivers/src/gpio.o
 .debug_macro   0x00000000       0x34 Drivers/src/gpio.o
 .debug_macro   0x00000000       0x26 Drivers/src/gpio.o
 .debug_macro   0x00000000      0xe43 Drivers/src/gpio.o
 .debug_macro   0x00000000     0x800a Drivers/src/gpio.o
 .group         0x00000000        0xc Drivers/src/poller.o
 .group         0x00000000        0xc Drivers/src/poller.o
 .text          0x00000000        0x0 Drivers/src/poller.o
 .text.StopPolling
                0x00000000       0x18 Drivers/src/poller.o
 .debug_macro   0x00000000      0xa66 Drivers/src/poller.o
 .debug_macro   0x00000000       0x2e Drivers/src/poller.o
 .group         0x00000000        0xc src/main.o
 .group         0x00000000        0xc src/main.o
 .group         0x00000000        0xc src/main.o
 .group         0x00000000        0xc src/main.o
 .group         0x00000000        0xc src/main.o
 .group         0x00000000        0xc src/main.o
 .group         0x00000000        0xc src/main.o
 .group         0x00000000        0xc src/main.o
 .group         0x00000000        0xc src/main.o
 .group         0x00000000        0xc src/main.o
 .group         0x00000000        0xc src/main.o
 .group         0x00000000        0xc src/main.o
 .group         0x00000000        0xc src/main.o
 .text          0x00000000        0x0 src/main.o
 .data          0x00000000        0x0 src/main.o
 .bss           0x00000000        0x0 src/main.o
 .debug_macro   0x00000000      0xa66 src/main.o
 .debug_macro   0x00000000       0x65 src/main.o
 .debug_macro   0x00000000       0x3b src/main.o
 .debug_macro   0x00000000       0x22 src/main.o
 .debug_macro   0x00000000       0x8e src/main.o
 .debug_macro   0x00000000       0x51 src/main.o
 .debug_macro   0x00000000       0xef src/main.o
 .debug_macro   0x00000000       0x6a src/main.o
 .debug_macro   0x00000000      0x1df src/main.o
 .debug_macro   0x00000000       0x34 src/main.o
 .debug_macro   0x00000000       0x26 src/main.o
 .debug_macro   0x00000000      0xe43 src/main.o
 .debug_macro   0x00000000     0x800a src/main.o
 .group         0x00000000        0xc src/syscalls.o
 .group         0x00000000        0xc src/syscalls.o
 .group         0x00000000        0xc src/syscalls.o
 .group         0x00000000        0xc src/syscalls.o
 .group         0x00000000        0xc src/syscalls.o
 .group         0x00000000        0xc src/syscalls.o
 .group         0x00000000        0xc src/syscalls.o
 .group         0x00000000        0xc src/syscalls.o
 .group         0x00000000        0xc src/syscalls.o
 .group         0x00000000        0xc src/syscalls.o
 .group         0x00000000        0xc src/syscalls.o
 .group         0x00000000        0xc src/syscalls.o
 .group         0x00000000        0xc src/syscalls.o
 .group         0x00000000        0xc src/syscalls.o
 .group         0x00000000        0xc src/syscalls.o
 .group         0x00000000        0xc src/syscalls.o
 .group         0x00000000        0xc src/syscalls.o
 .group         0x00000000        0xc src/syscalls.o
 .group         0x00000000        0xc src/syscalls.o
 .group         0x00000000        0xc src/syscalls.o
 .group         0x00000000        0xc src/syscalls.o
 .group         0x00000000        0xc src/syscalls.o
 .group         0x00000000        0xc src/syscalls.o
 .group         0x00000000        0xc src/syscalls.o
 .group         0x00000000        0xc src/syscalls.o
 .group         0x00000000        0xc src/syscalls.o
 .group         0x00000000        0xc src/syscalls.o
 .group         0x00000000        0xc src/syscalls.o
 .group         0x00000000        0xc src/syscalls.o
 .group         0x00000000        0xc src/syscalls.o
 .group         0x00000000        0xc src/syscalls.o
 .group         0x00000000        0xc src/syscalls.o
 .group         0x00000000        0xc src/syscalls.o
 .group         0x00000000        0xc src/syscalls.o
 .group         0x00000000        0xc src/syscalls.o
 .group         0x00000000        0xc src/syscalls.o
 .group         0x00000000        0xc src/syscalls.o
 .group         0x00000000        0xc src/syscalls.o
 .group         0x00000000        0xc src/syscalls.o
 .group         0x00000000        0xc src/syscalls.o
 .group         0x00000000        0xc src/syscalls.o
 .group         0x00000000        0xc src/syscalls.o
 .group         0x00000000        0xc src/syscalls.o
 .group         0x00000000        0xc src/syscalls.o
 .text          0x00000000        0x0 src/syscalls.o
 .data          0x00000000        0x4 src/syscalls.o
 .bss           0x00000000        0x8 src/syscalls.o
 .text.initialise_monitor_handles
                0x00000000        0xe src/syscalls.o
 .text._getpid  0x00000000       0x10 src/syscalls.o
 .text._kill    0x00000000       0x20 src/syscalls.o
 .text._exit    0x00000000       0x14 src/syscalls.o
 .text._read    0x00000000       0x3a src/syscalls.o
 .text._write   0x00000000       0x38 src/syscalls.o
 .text._sbrk    0x00000000       0x58 src/syscalls.o
 .text._close   0x00000000       0x18 src/syscalls.o
 .text._fstat   0x00000000       0x20 src/syscalls.o
 .text._isatty  0x00000000       0x16 src/syscalls.o
 .text._lseek   0x00000000       0x1a src/syscalls.o
 .text._open    0x00000000       0x1c src/syscalls.o
 .text._wait    0x00000000       0x1e src/syscalls.o
 .text._unlink  0x00000000       0x1e src/syscalls.o
 .text._times   0x00000000       0x18 src/syscalls.o
 .text._stat    0x00000000       0x20 src/syscalls.o
 .text._link    0x00000000       0x20 src/syscalls.o
 .text._fork    0x00000000       0x16 src/syscalls.o
 .text._execve  0x00000000       0x22 src/syscalls.o
 .debug_info    0x00000000      0xf2e src/syscalls.o
 .debug_abbrev  0x00000000      0x2aa src/syscalls.o
 .debug_aranges
                0x00000000       0xb0 src/syscalls.o
 .debug_ranges  0x00000000       0xa0 src/syscalls.o
 .debug_macro   0x00000000      0x243 src/syscalls.o
 .debug_macro   0x00000000      0xa66 src/syscalls.o
 .debug_macro   0x00000000       0x22 src/syscalls.o
 .debug_macro   0x00000000       0x58 src/syscalls.o
 .debug_macro   0x00000000       0x18 src/syscalls.o
 .debug_macro   0x00000000       0x94 src/syscalls.o
 .debug_macro   0x00000000       0x35 src/syscalls.o
 .debug_macro   0x00000000       0x34 src/syscalls.o
 .debug_macro   0x00000000       0x57 src/syscalls.o
 .debug_macro   0x00000000      0x174 src/syscalls.o
 .debug_macro   0x00000000      0x330 src/syscalls.o
 .debug_macro   0x00000000       0x58 src/syscalls.o
 .debug_macro   0x00000000       0x1f src/syscalls.o
 .debug_macro   0x00000000       0x43 src/syscalls.o
 .debug_macro   0x00000000       0x20 src/syscalls.o
 .debug_macro   0x00000000      0x18e src/syscalls.o
 .debug_macro   0x00000000       0x10 src/syscalls.o
 .debug_macro   0x00000000       0x35 src/syscalls.o
 .debug_macro   0x00000000       0x10 src/syscalls.o
 .debug_macro   0x00000000       0x10 src/syscalls.o
 .debug_macro   0x00000000       0x10 src/syscalls.o
 .debug_macro   0x00000000       0x6a src/syscalls.o
 .debug_macro   0x00000000       0x1c src/syscalls.o
 .debug_macro   0x00000000       0x52 src/syscalls.o
 .debug_macro   0x00000000       0x40 src/syscalls.o
 .debug_macro   0x00000000       0x10 src/syscalls.o
 .debug_macro   0x00000000       0x40 src/syscalls.o
 .debug_macro   0x00000000       0xd7 src/syscalls.o
 .debug_macro   0x00000000       0x1c src/syscalls.o
 .debug_macro   0x00000000       0x3d src/syscalls.o
 .debug_macro   0x00000000       0x35 src/syscalls.o
 .debug_macro   0x00000000      0x122 src/syscalls.o
 .debug_macro   0x00000000       0x16 src/syscalls.o
 .debug_macro   0x00000000       0x16 src/syscalls.o
 .debug_macro   0x00000000       0x29 src/syscalls.o
 .debug_macro   0x00000000       0x10 src/syscalls.o
 .debug_macro   0x00000000      0x241 src/syscalls.o
 .debug_macro   0x00000000       0x1c src/syscalls.o
 .debug_macro   0x00000000       0x10 src/syscalls.o
 .debug_macro   0x00000000       0x10 src/syscalls.o
 .debug_macro   0x00000000       0x16 src/syscalls.o
 .debug_macro   0x00000000      0x16f src/syscalls.o
 .debug_macro   0x00000000      0x189 src/syscalls.o
 .debug_macro   0x00000000       0x16 src/syscalls.o
 .debug_macro   0x00000000       0x88 src/syscalls.o
 .debug_line    0x00000000      0x5df src/syscalls.o
 .debug_str     0x00000000     0x8576 src/syscalls.o
 .comment       0x00000000       0x80 src/syscalls.o
 .debug_frame   0x00000000      0x2d0 src/syscalls.o
 .ARM.attributes
                0x00000000       0x39 src/syscalls.o
 .group         0x00000000        0xc src/system_stm32f4xx.o
 .group         0x00000000        0xc src/system_stm32f4xx.o
 .group         0x00000000        0xc src/system_stm32f4xx.o
 .group         0x00000000        0xc src/system_stm32f4xx.o
 .group         0x00000000        0xc src/system_stm32f4xx.o
 .group         0x00000000        0xc src/system_stm32f4xx.o
 .group         0x00000000        0xc src/system_stm32f4xx.o
 .group         0x00000000        0xc src/system_stm32f4xx.o
 .group         0x00000000        0xc src/system_stm32f4xx.o
 .group         0x00000000        0xc src/system_stm32f4xx.o
 .group         0x00000000        0xc src/system_stm32f4xx.o
 .group         0x00000000        0xc src/system_stm32f4xx.o
 .group         0x00000000        0xc src/system_stm32f4xx.o
 .text          0x00000000        0x0 src/system_stm32f4xx.o
 .data          0x00000000       0x14 src/system_stm32f4xx.o
 .bss           0x00000000        0x0 src/system_stm32f4xx.o
 .text.SystemCoreClockUpdate
                0x00000000       0xf8 src/system_stm32f4xx.o
 .debug_macro   0x00000000      0xa66 src/system_stm32f4xx.o
 .debug_macro   0x00000000       0x65 src/system_stm32f4xx.o
 .debug_macro   0x00000000       0x3b src/system_stm32f4xx.o
 .debug_macro   0x00000000       0x22 src/system_stm32f4xx.o
 .debug_macro   0x00000000       0x8e src/system_stm32f4xx.o
 .debug_macro   0x00000000       0x51 src/system_stm32f4xx.o
 .debug_macro   0x00000000       0xef src/system_stm32f4xx.o
 .debug_macro   0x00000000       0x6a src/system_stm32f4xx.o
 .debug_macro   0x00000000      0x1df src/system_stm32f4xx.o
 .debug_macro   0x00000000       0x34 src/system_stm32f4xx.o
 .debug_macro   0x00000000       0x26 src/system_stm32f4xx.o
 .debug_macro   0x00000000      0xe43 src/system_stm32f4xx.o
 .debug_macro   0x00000000     0x800a src/system_stm32f4xx.o
 .text          0x00000000       0x14 startup/startup_stm32.o
 .data          0x00000000        0x0 startup/startup_stm32.o
 .bss           0x00000000        0x0 startup/startup_stm32.o
 .data          0x00000000        0x0 c:/ac6/systemworkbench/plugins/fr.ac6.mcu.externaltools.arm-none.win32_1.17.0.201812190825/tools/compiler/bin/../lib/gcc/arm-none-eabi/7.3.1/thumb/v7e-m/fpv4-sp/hard\libgcc.a(_arm_addsubdf3.o)
 .bss           0x00000000        0x0 c:/ac6/systemworkbench/plugins/fr.ac6.mcu.externaltools.arm-none.win32_1.17.0.201812190825/tools/compiler/bin/../lib/gcc/arm-none-eabi/7.3.1/thumb/v7e-m/fpv4-sp/hard\libgcc.a(_arm_addsubdf3.o)
 .data          0x00000000        0x0 c:/ac6/systemworkbench/plugins/fr.ac6.mcu.externaltools.arm-none.win32_1.17.0.201812190825/tools/compiler/bin/../lib/gcc/arm-none-eabi/7.3.1/thumb/v7e-m/fpv4-sp/hard\libgcc.a(_arm_muldivdf3.o)
 .bss           0x00000000        0x0 c:/ac6/systemworkbench/plugins/fr.ac6.mcu.externaltools.arm-none.win32_1.17.0.201812190825/tools/compiler/bin/../lib/gcc/arm-none-eabi/7.3.1/thumb/v7e-m/fpv4-sp/hard\libgcc.a(_arm_muldivdf3.o)
 .data          0x00000000        0x0 c:/ac6/systemworkbench/plugins/fr.ac6.mcu.externaltools.arm-none.win32_1.17.0.201812190825/tools/compiler/bin/../lib/gcc/arm-none-eabi/7.3.1/thumb/v7e-m/fpv4-sp/hard\libgcc.a(_arm_cmpdf2.o)
 .bss           0x00000000        0x0 c:/ac6/systemworkbench/plugins/fr.ac6.mcu.externaltools.arm-none.win32_1.17.0.201812190825/tools/compiler/bin/../lib/gcc/arm-none-eabi/7.3.1/thumb/v7e-m/fpv4-sp/hard\libgcc.a(_arm_cmpdf2.o)
 .data          0x00000000        0x0 c:/ac6/systemworkbench/plugins/fr.ac6.mcu.externaltools.arm-none.win32_1.17.0.201812190825/tools/compiler/bin/../lib/gcc/arm-none-eabi/7.3.1/thumb/v7e-m/fpv4-sp/hard\libgcc.a(_arm_fixunsdfsi.o)
 .bss           0x00000000        0x0 c:/ac6/systemworkbench/plugins/fr.ac6.mcu.externaltools.arm-none.win32_1.17.0.201812190825/tools/compiler/bin/../lib/gcc/arm-none-eabi/7.3.1/thumb/v7e-m/fpv4-sp/hard\libgcc.a(_arm_fixunsdfsi.o)
 .text          0x00000000        0x0 c:/ac6/systemworkbench/plugins/fr.ac6.mcu.externaltools.arm-none.win32_1.17.0.201812190825/tools/compiler/bin/../lib/gcc/arm-none-eabi/7.3.1/../../../../arm-none-eabi/lib/thumb/v7e-m/fpv4-sp/hard\libc.a(lib_a-errno.o)
 .data          0x00000000        0x0 c:/ac6/systemworkbench/plugins/fr.ac6.mcu.externaltools.arm-none.win32_1.17.0.201812190825/tools/compiler/bin/../lib/gcc/arm-none-eabi/7.3.1/../../../../arm-none-eabi/lib/thumb/v7e-m/fpv4-sp/hard\libc.a(lib_a-errno.o)
 .bss           0x00000000        0x0 c:/ac6/systemworkbench/plugins/fr.ac6.mcu.externaltools.arm-none.win32_1.17.0.201812190825/tools/compiler/bin/../lib/gcc/arm-none-eabi/7.3.1/../../../../arm-none-eabi/lib/thumb/v7e-m/fpv4-sp/hard\libc.a(lib_a-errno.o)
 .text.__errno  0x00000000        0xc c:/ac6/systemworkbench/plugins/fr.ac6.mcu.externaltools.arm-none.win32_1.17.0.201812190825/tools/compiler/bin/../lib/gcc/arm-none-eabi/7.3.1/../../../../arm-none-eabi/lib/thumb/v7e-m/fpv4-sp/hard\libc.a(lib_a-errno.o)
 .debug_frame   0x00000000       0x20 c:/ac6/systemworkbench/plugins/fr.ac6.mcu.externaltools.arm-none.win32_1.17.0.201812190825/tools/compiler/bin/../lib/gcc/arm-none-eabi/7.3.1/../../../../arm-none-eabi/lib/thumb/v7e-m/fpv4-sp/hard\libc.a(lib_a-errno.o)
 .ARM.attributes
                0x00000000       0x34 c:/ac6/systemworkbench/plugins/fr.ac6.mcu.externaltools.arm-none.win32_1.17.0.201812190825/tools/compiler/bin/../lib/gcc/arm-none-eabi/7.3.1/../../../../arm-none-eabi/lib/thumb/v7e-m/fpv4-sp/hard\libc.a(lib_a-errno.o)
 .text          0x00000000        0x0 c:/ac6/systemworkbench/plugins/fr.ac6.mcu.externaltools.arm-none.win32_1.17.0.201812190825/tools/compiler/bin/../lib/gcc/arm-none-eabi/7.3.1/../../../../arm-none-eabi/lib/thumb/v7e-m/fpv4-sp/hard\libc.a(lib_a-exit.o)
 .data          0x00000000        0x0 c:/ac6/systemworkbench/plugins/fr.ac6.mcu.externaltools.arm-none.win32_1.17.0.201812190825/tools/compiler/bin/../lib/gcc/arm-none-eabi/7.3.1/../../../../arm-none-eabi/lib/thumb/v7e-m/fpv4-sp/hard\libc.a(lib_a-exit.o)
 .bss           0x00000000        0x0 c:/ac6/systemworkbench/plugins/fr.ac6.mcu.externaltools.arm-none.win32_1.17.0.201812190825/tools/compiler/bin/../lib/gcc/arm-none-eabi/7.3.1/../../../../arm-none-eabi/lib/thumb/v7e-m/fpv4-sp/hard\libc.a(lib_a-exit.o)
 .text.exit     0x00000000       0x20 c:/ac6/systemworkbench/plugins/fr.ac6.mcu.externaltools.arm-none.win32_1.17.0.201812190825/tools/compiler/bin/../lib/gcc/arm-none-eabi/7.3.1/../../../../arm-none-eabi/lib/thumb/v7e-m/fpv4-sp/hard\libc.a(lib_a-exit.o)
 .debug_frame   0x00000000       0x28 c:/ac6/systemworkbench/plugins/fr.ac6.mcu.externaltools.arm-none.win32_1.17.0.201812190825/tools/compiler/bin/../lib/gcc/arm-none-eabi/7.3.1/../../../../arm-none-eabi/lib/thumb/v7e-m/fpv4-sp/hard\libc.a(lib_a-exit.o)
 .ARM.attributes
                0x00000000       0x34 c:/ac6/systemworkbench/plugins/fr.ac6.mcu.externaltools.arm-none.win32_1.17.0.201812190825/tools/compiler/bin/../lib/gcc/arm-none-eabi/7.3.1/../../../../arm-none-eabi/lib/thumb/v7e-m/fpv4-sp/hard\libc.a(lib_a-exit.o)
 .text          0x00000000        0x0 c:/ac6/systemworkbench/plugins/fr.ac6.mcu.externaltools.arm-none.win32_1.17.0.201812190825/tools/compiler/bin/../lib/gcc/arm-none-eabi/7.3.1/../../../../arm-none-eabi/lib/thumb/v7e-m/fpv4-sp/hard\libc.a(lib_a-impure.o)
 .data          0x00000000        0x0 c:/ac6/systemworkbench/plugins/fr.ac6.mcu.externaltools.arm-none.win32_1.17.0.201812190825/tools/compiler/bin/../lib/gcc/arm-none-eabi/7.3.1/../../../../arm-none-eabi/lib/thumb/v7e-m/fpv4-sp/hard\libc.a(lib_a-impure.o)
 .bss           0x00000000        0x0 c:/ac6/systemworkbench/plugins/fr.ac6.mcu.externaltools.arm-none.win32_1.17.0.201812190825/tools/compiler/bin/../lib/gcc/arm-none-eabi/7.3.1/../../../../arm-none-eabi/lib/thumb/v7e-m/fpv4-sp/hard\libc.a(lib_a-impure.o)
 .data._impure_ptr
                0x00000000        0x4 c:/ac6/systemworkbench/plugins/fr.ac6.mcu.externaltools.arm-none.win32_1.17.0.201812190825/tools/compiler/bin/../lib/gcc/arm-none-eabi/7.3.1/../../../../arm-none-eabi/lib/thumb/v7e-m/fpv4-sp/hard\libc.a(lib_a-impure.o)
 .text          0x00000000        0x0 c:/ac6/systemworkbench/plugins/fr.ac6.mcu.externaltools.arm-none.win32_1.17.0.201812190825/tools/compiler/bin/../lib/gcc/arm-none-eabi/7.3.1/../../../../arm-none-eabi/lib/thumb/v7e-m/fpv4-sp/hard\libc.a(lib_a-init.o)
 .data          0x00000000        0x0 c:/ac6/systemworkbench/plugins/fr.ac6.mcu.externaltools.arm-none.win32_1.17.0.201812190825/tools/compiler/bin/../lib/gcc/arm-none-eabi/7.3.1/../../../../arm-none-eabi/lib/thumb/v7e-m/fpv4-sp/hard\libc.a(lib_a-init.o)
 .bss           0x00000000        0x0 c:/ac6/systemworkbench/plugins/fr.ac6.mcu.externaltools.arm-none.win32_1.17.0.201812190825/tools/compiler/bin/../lib/gcc/arm-none-eabi/7.3.1/../../../../arm-none-eabi/lib/thumb/v7e-m/fpv4-sp/hard\libc.a(lib_a-init.o)
 .text          0x00000000        0x0 c:/ac6/systemworkbench/plugins/fr.ac6.mcu.externaltools.arm-none.win32_1.17.0.201812190825/tools/compiler/bin/../lib/gcc/arm-none-eabi/7.3.1/../../../../arm-none-eabi/lib/thumb/v7e-m/fpv4-sp/hard\libc.a(lib_a-memset.o)
 .data          0x00000000        0x0 c:/ac6/systemworkbench/plugins/fr.ac6.mcu.externaltools.arm-none.win32_1.17.0.201812190825/tools/compiler/bin/../lib/gcc/arm-none-eabi/7.3.1/../../../../arm-none-eabi/lib/thumb/v7e-m/fpv4-sp/hard\libc.a(lib_a-memset.o)
 .bss           0x00000000        0x0 c:/ac6/systemworkbench/plugins/fr.ac6.mcu.externaltools.arm-none.win32_1.17.0.201812190825/tools/compiler/bin/../lib/gcc/arm-none-eabi/7.3.1/../../../../arm-none-eabi/lib/thumb/v7e-m/fpv4-sp/hard\libc.a(lib_a-memset.o)
 .text.memset   0x00000000       0x94 c:/ac6/systemworkbench/plugins/fr.ac6.mcu.externaltools.arm-none.win32_1.17.0.201812190825/tools/compiler/bin/../lib/gcc/arm-none-eabi/7.3.1/../../../../arm-none-eabi/lib/thumb/v7e-m/fpv4-sp/hard\libc.a(lib_a-memset.o)
 .debug_frame   0x00000000       0x38 c:/ac6/systemworkbench/plugins/fr.ac6.mcu.externaltools.arm-none.win32_1.17.0.201812190825/tools/compiler/bin/../lib/gcc/arm-none-eabi/7.3.1/../../../../arm-none-eabi/lib/thumb/v7e-m/fpv4-sp/hard\libc.a(lib_a-memset.o)
 .ARM.attributes
                0x00000000       0x34 c:/ac6/systemworkbench/plugins/fr.ac6.mcu.externaltools.arm-none.win32_1.17.0.201812190825/tools/compiler/bin/../lib/gcc/arm-none-eabi/7.3.1/../../../../arm-none-eabi/lib/thumb/v7e-m/fpv4-sp/hard\libc.a(lib_a-memset.o)
 .text          0x00000000        0x0 c:/ac6/systemworkbench/plugins/fr.ac6.mcu.externaltools.arm-none.win32_1.17.0.201812190825/tools/compiler/bin/../lib/gcc/arm-none-eabi/7.3.1/../../../../arm-none-eabi/lib/thumb/v7e-m/fpv4-sp/hard\libc.a(lib_a-__call_atexit.o)
 .data          0x00000000        0x0 c:/ac6/systemworkbench/plugins/fr.ac6.mcu.externaltools.arm-none.win32_1.17.0.201812190825/tools/compiler/bin/../lib/gcc/arm-none-eabi/7.3.1/../../../../arm-none-eabi/lib/thumb/v7e-m/fpv4-sp/hard\libc.a(lib_a-__call_atexit.o)
 .bss           0x00000000        0x0 c:/ac6/systemworkbench/plugins/fr.ac6.mcu.externaltools.arm-none.win32_1.17.0.201812190825/tools/compiler/bin/../lib/gcc/arm-none-eabi/7.3.1/../../../../arm-none-eabi/lib/thumb/v7e-m/fpv4-sp/hard\libc.a(lib_a-__call_atexit.o)
 .text.__call_exitprocs
                0x00000000       0xe8 c:/ac6/systemworkbench/plugins/fr.ac6.mcu.externaltools.arm-none.win32_1.17.0.201812190825/tools/compiler/bin/../lib/gcc/arm-none-eabi/7.3.1/../../../../arm-none-eabi/lib/thumb/v7e-m/fpv4-sp/hard\libc.a(lib_a-__call_atexit.o)
 .text          0x00000000        0x0 c:/ac6/systemworkbench/plugins/fr.ac6.mcu.externaltools.arm-none.win32_1.17.0.201812190825/tools/compiler/bin/../lib/gcc/arm-none-eabi/7.3.1/../../../../arm-none-eabi/lib/thumb/v7e-m/fpv4-sp/hard\libc.a(lib_a-atexit.o)
 .data          0x00000000        0x0 c:/ac6/systemworkbench/plugins/fr.ac6.mcu.externaltools.arm-none.win32_1.17.0.201812190825/tools/compiler/bin/../lib/gcc/arm-none-eabi/7.3.1/../../../../arm-none-eabi/lib/thumb/v7e-m/fpv4-sp/hard\libc.a(lib_a-atexit.o)
 .bss           0x00000000        0x0 c:/ac6/systemworkbench/plugins/fr.ac6.mcu.externaltools.arm-none.win32_1.17.0.201812190825/tools/compiler/bin/../lib/gcc/arm-none-eabi/7.3.1/../../../../arm-none-eabi/lib/thumb/v7e-m/fpv4-sp/hard\libc.a(lib_a-atexit.o)
 .text          0x00000000        0x0 c:/ac6/systemworkbench/plugins/fr.ac6.mcu.externaltools.arm-none.win32_1.17.0.201812190825/tools/compiler/bin/../lib/gcc/arm-none-eabi/7.3.1/../../../../arm-none-eabi/lib/thumb/v7e-m/fpv4-sp/hard\libc.a(lib_a-fini.o)
 .data          0x00000000        0x0 c:/ac6/systemworkbench/plugins/fr.ac6.mcu.externaltools.arm-none.win32_1.17.0.201812190825/tools/compiler/bin/../lib/gcc/arm-none-eabi/7.3.1/../../../../arm-none-eabi/lib/thumb/v7e-m/fpv4-sp/hard\libc.a(lib_a-fini.o)
 .bss           0x00000000        0x0 c:/ac6/systemworkbench/plugins/fr.ac6.mcu.externaltools.arm-none.win32_1.17.0.201812190825/tools/compiler/bin/../lib/gcc/arm-none-eabi/7.3.1/../../../../arm-none-eabi/lib/thumb/v7e-m/fpv4-sp/hard\libc.a(lib_a-fini.o)
 .text          0x00000000        0x0 c:/ac6/systemworkbench/plugins/fr.ac6.mcu.externaltools.arm-none.win32_1.17.0.201812190825/tools/compiler/bin/../lib/gcc/arm-none-eabi/7.3.1/../../../../arm-none-eabi/lib/thumb/v7e-m/fpv4-sp/hard\libc.a(lib_a-lock.o)
 .data          0x00000000        0x0 c:/ac6/systemworkbench/plugins/fr.ac6.mcu.externaltools.arm-none.win32_1.17.0.201812190825/tools/compiler/bin/../lib/gcc/arm-none-eabi/7.3.1/../../../../arm-none-eabi/lib/thumb/v7e-m/fpv4-sp/hard\libc.a(lib_a-lock.o)
 .bss           0x00000000        0x0 c:/ac6/systemworkbench/plugins/fr.ac6.mcu.externaltools.arm-none.win32_1.17.0.201812190825/tools/compiler/bin/../lib/gcc/arm-none-eabi/7.3.1/../../../../arm-none-eabi/lib/thumb/v7e-m/fpv4-sp/hard\libc.a(lib_a-lock.o)
 .text.__retarget_lock_init
                0x00000000        0x4 c:/ac6/systemworkbench/plugins/fr.ac6.mcu.externaltools.arm-none.win32_1.17.0.201812190825/tools/compiler/bin/../lib/gcc/arm-none-eabi/7.3.1/../../../../arm-none-eabi/lib/thumb/v7e-m/fpv4-sp/hard\libc.a(lib_a-lock.o)
 .text.__retarget_lock_init_recursive
                0x00000000        0x4 c:/ac6/systemworkbench/plugins/fr.ac6.mcu.externaltools.arm-none.win32_1.17.0.201812190825/tools/compiler/bin/../lib/gcc/arm-none-eabi/7.3.1/../../../../arm-none-eabi/lib/thumb/v7e-m/fpv4-sp/hard\libc.a(lib_a-lock.o)
 .text.__retarget_lock_close
                0x00000000        0x4 c:/ac6/systemworkbench/plugins/fr.ac6.mcu.externaltools.arm-none.win32_1.17.0.201812190825/tools/compiler/bin/../lib/gcc/arm-none-eabi/7.3.1/../../../../arm-none-eabi/lib/thumb/v7e-m/fpv4-sp/hard\libc.a(lib_a-lock.o)
 .text.__retarget_lock_close_recursive
                0x00000000        0x4 c:/ac6/systemworkbench/plugins/fr.ac6.mcu.externaltools.arm-none.win32_1.17.0.201812190825/tools/compiler/bin/../lib/gcc/arm-none-eabi/7.3.1/../../../../arm-none-eabi/lib/thumb/v7e-m/fpv4-sp/hard\libc.a(lib_a-lock.o)
 .text.__retarget_lock_acquire
                0x00000000        0x4 c:/ac6/systemworkbench/plugins/fr.ac6.mcu.externaltools.arm-none.win32_1.17.0.201812190825/tools/compiler/bin/../lib/gcc/arm-none-eabi/7.3.1/../../../../arm-none-eabi/lib/thumb/v7e-m/fpv4-sp/hard\libc.a(lib_a-lock.o)
 .text.__retarget_lock_try_acquire
                0x00000000        0x4 c:/ac6/systemworkbench/plugins/fr.ac6.mcu.externaltools.arm-none.win32_1.17.0.201812190825/tools/compiler/bin/../lib/gcc/arm-none-eabi/7.3.1/../../../../arm-none-eabi/lib/thumb/v7e-m/fpv4-sp/hard\libc.a(lib_a-lock.o)
 .text.__retarget_lock_try_acquire_recursive
                0x00000000        0x4 c:/ac6/systemworkbench/plugins/fr.ac6.mcu.externaltools.arm-none.win32_1.17.0.201812190825/tools/compiler/bin/../lib/gcc/arm-none-eabi/7.3.1/../../../../arm-none-eabi/lib/thumb/v7e-m/fpv4-sp/hard\libc.a(lib_a-lock.o)
 .text.__retarget_lock_release
                0x00000000        0x4 c:/ac6/systemworkbench/plugins/fr.ac6.mcu.externaltools.arm-none.win32_1.17.0.201812190825/tools/compiler/bin/../lib/gcc/arm-none-eabi/7.3.1/../../../../arm-none-eabi/lib/thumb/v7e-m/fpv4-sp/hard\libc.a(lib_a-lock.o)
 .text          0x00000000        0x0 c:/ac6/systemworkbench/plugins/fr.ac6.mcu.externaltools.arm-none.win32_1.17.0.201812190825/tools/compiler/bin/../lib/gcc/arm-none-eabi/7.3.1/../../../../arm-none-eabi/lib/thumb/v7e-m/fpv4-sp/hard\libc.a(lib_a-__atexit.o)
 .data          0x00000000        0x0 c:/ac6/systemworkbench/plugins/fr.ac6.mcu.externaltools.arm-none.win32_1.17.0.201812190825/tools/compiler/bin/../lib/gcc/arm-none-eabi/7.3.1/../../../../arm-none-eabi/lib/thumb/v7e-m/fpv4-sp/hard\libc.a(lib_a-__atexit.o)
 .bss           0x00000000        0x0 c:/ac6/systemworkbench/plugins/fr.ac6.mcu.externaltools.arm-none.win32_1.17.0.201812190825/tools/compiler/bin/../lib/gcc/arm-none-eabi/7.3.1/../../../../arm-none-eabi/lib/thumb/v7e-m/fpv4-sp/hard\libc.a(lib_a-__atexit.o)
 .text          0x00000000        0x0 c:/ac6/systemworkbench/plugins/fr.ac6.mcu.externaltools.arm-none.win32_1.17.0.201812190825/tools/compiler/bin/../lib/gcc/arm-none-eabi/7.3.1/thumb/v7e-m/fpv4-sp/hard/crtend.o
 .data          0x00000000        0x0 c:/ac6/systemworkbench/plugins/fr.ac6.mcu.externaltools.arm-none.win32_1.17.0.201812190825/tools/compiler/bin/../lib/gcc/arm-none-eabi/7.3.1/thumb/v7e-m/fpv4-sp/hard/crtend.o
 .bss           0x00000000        0x0 c:/ac6/systemworkbench/plugins/fr.ac6.mcu.externaltools.arm-none.win32_1.17.0.201812190825/tools/compiler/bin/../lib/gcc/arm-none-eabi/7.3.1/thumb/v7e-m/fpv4-sp/hard/crtend.o
 .eh_frame      0x00000000        0x4 c:/ac6/systemworkbench/plugins/fr.ac6.mcu.externaltools.arm-none.win32_1.17.0.201812190825/tools/compiler/bin/../lib/gcc/arm-none-eabi/7.3.1/thumb/v7e-m/fpv4-sp/hard/crtend.o
 .ARM.attributes
                0x00000000       0x34 c:/ac6/systemworkbench/plugins/fr.ac6.mcu.externaltools.arm-none.win32_1.17.0.201812190825/tools/compiler/bin/../lib/gcc/arm-none-eabi/7.3.1/thumb/v7e-m/fpv4-sp/hard/crtend.o
 .text          0x00000000        0x0 c:/ac6/systemworkbench/plugins/fr.ac6.mcu.externaltools.arm-none.win32_1.17.0.201812190825/tools/compiler/bin/../lib/gcc/arm-none-eabi/7.3.1/thumb/v7e-m/fpv4-sp/hard/crtn.o
 .data          0x00000000        0x0 c:/ac6/systemworkbench/plugins/fr.ac6.mcu.externaltools.arm-none.win32_1.17.0.201812190825/tools/compiler/bin/../lib/gcc/arm-none-eabi/7.3.1/thumb/v7e-m/fpv4-sp/hard/crtn.o
 .bss           0x00000000        0x0 c:/ac6/systemworkbench/plugins/fr.ac6.mcu.externaltools.arm-none.win32_1.17.0.201812190825/tools/compiler/bin/../lib/gcc/arm-none-eabi/7.3.1/thumb/v7e-m/fpv4-sp/hard/crtn.o

Memory Configuration

Name             Origin             Length             Attributes
RAM              0x20000000         0x00010000         xrw
ROM              0x08000000         0x00040000         xr
*default*        0x00000000         0xffffffff

Linker script and memory map

LOAD c:/ac6/systemworkbench/plugins/fr.ac6.mcu.externaltools.arm-none.win32_1.17.0.201812190825/tools/compiler/bin/../lib/gcc/arm-none-eabi/7.3.1/thumb/v7e-m/fpv4-sp/hard/crti.o
LOAD c:/ac6/systemworkbench/plugins/fr.ac6.mcu.externaltools.arm-none.win32_1.17.0.201812190825/tools/compiler/bin/../lib/gcc/arm-none-eabi/7.3.1/thumb/v7e-m/fpv4-sp/hard/crtbegin.o
LOAD c:/ac6/systemworkbench/plugins/fr.ac6.mcu.externaltools.arm-none.win32_1.17.0.201812190825/tools/compiler/bin/../lib/gcc/arm-none-eabi/7.3.1/../../../../arm-none-eabi/lib/thumb/v7e-m/fpv4-sp/hard/crt0.o
LOAD Drivers/src/PID.o
LOAD Drivers/src/PollDataClient.o
LOAD Drivers/src/PollerTimer.o
LOAD Drivers/src/SPI.o
LOAD Drivers/src/TIM.o
LOAD Drivers/src/device.o
LOAD Drivers/src/gpio.o
LOAD Drivers/src/poller.o
LOAD src/main.o
LOAD src/syscalls.o
LOAD src/system_stm32f4xx.o
LOAD startup/startup_stm32.o
LOAD c:/ac6/systemworkbench/plugins/fr.ac6.mcu.externaltools.arm-none.win32_1.17.0.201812190825/tools/compiler/bin/../lib/gcc/arm-none-eabi/7.3.1/../../../../arm-none-eabi/lib/thumb/v7e-m/fpv4-sp/hard\libm.a
START GROUP
LOAD c:/ac6/systemworkbench/plugins/fr.ac6.mcu.externaltools.arm-none.win32_1.17.0.201812190825/tools/compiler/bin/../lib/gcc/arm-none-eabi/7.3.1/thumb/v7e-m/fpv4-sp/hard\libgcc.a
LOAD c:/ac6/systemworkbench/plugins/fr.ac6.mcu.externaltools.arm-none.win32_1.17.0.201812190825/tools/compiler/bin/../lib/gcc/arm-none-eabi/7.3.1/../../../../arm-none-eabi/lib/thumb/v7e-m/fpv4-sp/hard\libc.a
END GROUP
LOAD c:/ac6/systemworkbench/plugins/fr.ac6.mcu.externaltools.arm-none.win32_1.17.0.201812190825/tools/compiler/bin/../lib/gcc/arm-none-eabi/7.3.1/thumb/v7e-m/fpv4-sp/hard/crtend.o
LOAD c:/ac6/systemworkbench/plugins/fr.ac6.mcu.externaltools.arm-none.win32_1.17.0.201812190825/tools/compiler/bin/../lib/gcc/arm-none-eabi/7.3.1/thumb/v7e-m/fpv4-sp/hard/crtn.o
                0x20010000                _estack = 0x20010000
                0x00000000                _Min_Heap_Size = 0x0
                0x00000400                _Min_Stack_Size = 0x400

.isr_vector     0x08000000      0x194
                0x08000000                . = ALIGN (0x4)
 *(.isr_vector)
 .isr_vector    0x08000000      0x194 startup/startup_stm32.o
                0x08000000                g_pfnVectors
                0x08000194                . = ALIGN (0x4)

.text           0x08000198     0x1798
                0x08000198                . = ALIGN (0x4)
 *(.text)
 .text          0x08000198       0x40 c:/ac6/systemworkbench/plugins/fr.ac6.mcu.externaltools.arm-none.win32_1.17.0.201812190825/tools/compiler/bin/../lib/gcc/arm-none-eabi/7.3.1/thumb/v7e-m/fpv4-sp/hard/crtbegin.o
 .text          0x080001d8      0x378 c:/ac6/systemworkbench/plugins/fr.ac6.mcu.externaltools.arm-none.win32_1.17.0.201812190825/tools/compiler/bin/../lib/gcc/arm-none-eabi/7.3.1/thumb/v7e-m/fpv4-sp/hard\libgcc.a(_arm_addsubdf3.o)
                0x080001d8                __aeabi_drsub
                0x080001e0                __aeabi_dsub
                0x080001e0                __subdf3
                0x080001e4                __aeabi_dadd
                0x080001e4                __adddf3
                0x0800045c                __floatunsidf
                0x0800045c                __aeabi_ui2d
                0x0800047c                __floatsidf
                0x0800047c                __aeabi_i2d
                0x080004a0                __aeabi_f2d
                0x080004a0                __extendsfdf2
                0x080004e4                __floatundidf
                0x080004e4                __aeabi_ul2d
                0x080004f4                __floatdidf
                0x080004f4                __aeabi_l2d
 .text          0x08000550      0x424 c:/ac6/systemworkbench/plugins/fr.ac6.mcu.externaltools.arm-none.win32_1.17.0.201812190825/tools/compiler/bin/../lib/gcc/arm-none-eabi/7.3.1/thumb/v7e-m/fpv4-sp/hard\libgcc.a(_arm_muldivdf3.o)
                0x08000550                __aeabi_dmul
                0x08000550                __muldf3
                0x080007a4                __divdf3
                0x080007a4                __aeabi_ddiv
 .text          0x08000974      0x110 c:/ac6/systemworkbench/plugins/fr.ac6.mcu.externaltools.arm-none.win32_1.17.0.201812190825/tools/compiler/bin/../lib/gcc/arm-none-eabi/7.3.1/thumb/v7e-m/fpv4-sp/hard\libgcc.a(_arm_cmpdf2.o)
                0x08000974                __gtdf2
                0x08000974                __gedf2
                0x0800097c                __ltdf2
                0x0800097c                __ledf2
                0x08000984                __nedf2
                0x08000984                __eqdf2
                0x08000984                __cmpdf2
                0x08000a00                __aeabi_cdrcmple
                0x08000a10                __aeabi_cdcmpeq
                0x08000a10                __aeabi_cdcmple
                0x08000a20                __aeabi_dcmpeq
                0x08000a34                __aeabi_dcmplt
                0x08000a48                __aeabi_dcmple
                0x08000a5c                __aeabi_dcmpge
                0x08000a70                __aeabi_dcmpgt
 .text          0x08000a84       0x40 c:/ac6/systemworkbench/plugins/fr.ac6.mcu.externaltools.arm-none.win32_1.17.0.201812190825/tools/compiler/bin/../lib/gcc/arm-none-eabi/7.3.1/thumb/v7e-m/fpv4-sp/hard\libgcc.a(_arm_fixunsdfsi.o)
                0x08000a84                __aeabi_d2uiz
                0x08000a84                __fixunsdfsi
 *(.text*)
 .text.Handle_data
                0x08000ac4      0x108 Drivers/src/PollDataClient.o
                0x08000ac4                Handle_data
 *fill*         0x08000bcc        0x4 
 .text.PId_equation
                0x08000bd0       0xc8 Drivers/src/PollDataClient.o
                0x08000bd0                PId_equation
 .text.NVIC_EnableIRQ
                0x08000c98       0x34 Drivers/src/PollerTimer.o
 .text.StartTimer
                0x08000ccc       0x4c Drivers/src/PollerTimer.o
                0x08000ccc                StartTimer
 .text.EnableInterrupt
                0x08000d18       0x22 Drivers/src/PollerTimer.o
                0x08000d18                EnableInterrupt
 .text.CallPollingFunction
                0x08000d3a        0xc Drivers/src/PollerTimer.o
                0x08000d3a                CallPollingFunction
 *fill*         0x08000d46        0x2 
 .text.SPI1_INIT
                0x08000d48      0x11c Drivers/src/SPI.o
                0x08000d48                SPI1_INIT
 .text.transmit_recieve
                0x08000e64       0x4c Drivers/src/SPI.o
                0x08000e64                transmit_recieve
 .text.Timer_PWM_Configeration
                0x08000eb0      0x100 Drivers/src/TIM.o
                0x08000eb0                Timer_PWM_Configeration
 .text.Time_update_timer
                0x08000fb0       0x44 Drivers/src/TIM.o
                0x08000fb0                Time_update_timer
 .text.TC72_init
                0x08000ff4       0x10 Drivers/src/device.o
                0x08000ff4                TC72_init
 .text.TC72_register_write
                0x08001004       0x2e Drivers/src/device.o
                0x08001004                TC72_register_write
 .text.TC72_register_read
                0x08001032       0x30 Drivers/src/device.o
                0x08001032                TC72_register_read
 *fill*         0x08001062        0x2 
 .text.Get_Data
                0x08001064       0x58 Drivers/src/device.o
                0x08001064                Get_Data
 .text.GPIO_Init
                0x080010bc      0x1bc Drivers/src/gpio.o
                0x080010bc                GPIO_Init
 .text.GPIO_pull
                0x08001278       0xf4 Drivers/src/gpio.o
                0x08001278                GPIO_pull
 .text.GPIO_SetOutput
                0x0800136c       0x76 Drivers/src/gpio.o
                0x0800136c                GPIO_SetOutput
 .text.GPIO_SetInput
                0x080013e2       0x8c Drivers/src/gpio.o
                0x080013e2                GPIO_SetInput
 .text.GPIO_Write
                0x0800146e       0x64 Drivers/src/gpio.o
                0x0800146e                GPIO_Write
 *fill*         0x080014d2        0x2 
 .text.Poll     0x080014d4       0x68 Drivers/src/poller.o
                0x080014d4                Poll
 .text.StartPolling
                0x0800153c       0x18 Drivers/src/poller.o
                0x0800153c                StartPolling
 .text.SetPollingTime
                0x08001554       0x30 Drivers/src/poller.o
                0x08001554                SetPollingTime
 .text.main     0x08001584       0x5c src/main.o
                0x08001584                main
 .text.TIM2_IRQHandler
                0x080015e0       0x20 src/main.o
                0x080015e0                TIM2_IRQHandler
 .text.SystemInit
                0x08001600       0x6c src/system_stm32f4xx.o
                0x08001600                SystemInit
 .text.SetSysClock
                0x0800166c       0xf4 src/system_stm32f4xx.o
 .text.Reset_Handler
                0x08001760       0x50 startup/startup_stm32.o
                0x08001760                Reset_Handler
 .text.Default_Handler
                0x080017b0        0x2 startup/startup_stm32.o
                0x080017b0                RTC_Alarm_IRQHandler
                0x080017b0                EXTI2_IRQHandler
                0x080017b0                DebugMon_Handler
                0x080017b0                SPI4_IRQHandler
                0x080017b0                TIM1_CC_IRQHandler
                0x080017b0                HardFault_Handler
                0x080017b0                SysTick_Handler
                0x080017b0                PVD_IRQHandler
                0x080017b0                SDIO_IRQHandler
                0x080017b0                TAMP_STAMP_IRQHandler
                0x080017b0                PendSV_Handler
                0x080017b0                NMI_Handler
                0x080017b0                EXTI3_IRQHandler
                0x080017b0                TIM1_UP_TIM10_IRQHandler
                0x080017b0                I2C3_ER_IRQHandler
                0x080017b0                EXTI0_IRQHandler
                0x080017b0                I2C2_EV_IRQHandler
                0x080017b0                FPU_IRQHandler
                0x080017b0                UsageFault_Handler
                0x080017b0                SPI1_IRQHandler
                0x080017b0                TIM1_BRK_TIM9_IRQHandler
                0x080017b0                I2C1_EV_IRQHandler
                0x080017b0                TIM3_IRQHandler
                0x080017b0                RCC_IRQHandler
                0x080017b0                Default_Handler
                0x080017b0                EXTI15_10_IRQHandler
                0x080017b0                ADC_IRQHandler
                0x080017b0                I2C3_EV_IRQHandler
                0x080017b0                EXTI9_5_IRQHandler
                0x080017b0                RTC_WKUP_IRQHandler
                0x080017b0                SPI2_IRQHandler
                0x080017b0                MemManage_Handler
                0x080017b0                SVC_Handler
                0x080017b0                EXTI4_IRQHandler
                0x080017b0                OTG_FS_WKUP_IRQHandler
                0x080017b0                TIM1_TRG_COM_TIM11_IRQHandler
                0x080017b0                EXTI1_IRQHandler
                0x080017b0                I2C2_ER_IRQHandler
                0x080017b0                FLASH_IRQHandler
                0x080017b0                BusFault_Handler
                0x080017b0                OTG_FS_IRQHandler
                0x080017b0                SPI3_IRQHandler
                0x080017b0                I2C1_ER_IRQHandler
 *fill*         0x080017b2        0x2 
 .text.__libc_init_array
                0x080017b4       0x48 c:/ac6/systemworkbench/plugins/fr.ac6.mcu.externaltools.arm-none.win32_1.17.0.201812190825/tools/compiler/bin/../lib/gcc/arm-none-eabi/7.3.1/../../../../arm-none-eabi/lib/thumb/v7e-m/fpv4-sp/hard\libc.a(lib_a-init.o)
                0x080017b4                __libc_init_array
 .text.startup.register_fini
                0x080017fc       0x14 c:/ac6/systemworkbench/plugins/fr.ac6.mcu.externaltools.arm-none.win32_1.17.0.201812190825/tools/compiler/bin/../lib/gcc/arm-none-eabi/7.3.1/../../../../arm-none-eabi/lib/thumb/v7e-m/fpv4-sp/hard\libc.a(lib_a-__call_atexit.o)
 .text.atexit   0x08001810        0xc c:/ac6/systemworkbench/plugins/fr.ac6.mcu.externaltools.arm-none.win32_1.17.0.201812190825/tools/compiler/bin/../lib/gcc/arm-none-eabi/7.3.1/../../../../arm-none-eabi/lib/thumb/v7e-m/fpv4-sp/hard\libc.a(lib_a-atexit.o)
                0x08001810                atexit
 .text.__libc_fini_array
                0x0800181c       0x34 c:/ac6/systemworkbench/plugins/fr.ac6.mcu.externaltools.arm-none.win32_1.17.0.201812190825/tools/compiler/bin/../lib/gcc/arm-none-eabi/7.3.1/../../../../arm-none-eabi/lib/thumb/v7e-m/fpv4-sp/hard\libc.a(lib_a-fini.o)
                0x0800181c                __libc_fini_array
 .text.__retarget_lock_acquire_recursive
                0x08001850        0x4 c:/ac6/systemworkbench/plugins/fr.ac6.mcu.externaltools.arm-none.win32_1.17.0.201812190825/tools/compiler/bin/../lib/gcc/arm-none-eabi/7.3.1/../../../../arm-none-eabi/lib/thumb/v7e-m/fpv4-sp/hard\libc.a(lib_a-lock.o)
                0x08001850                __retarget_lock_acquire_recursive
 .text.__retarget_lock_release_recursive
                0x08001854        0x4 c:/ac6/systemworkbench/plugins/fr.ac6.mcu.externaltools.arm-none.win32_1.17.0.201812190825/tools/compiler/bin/../lib/gcc/arm-none-eabi/7.3.1/../../../../arm-none-eabi/lib/thumb/v7e-m/fpv4-sp/hard\libc.a(lib_a-lock.o)
                0x08001854                __retarget_lock_release_recursive
 .text.__register_exitproc
                0x08001858       0xc0 c:/ac6/systemworkbench/plugins/fr.ac6.mcu.externaltools.arm-none.win32_1.17.0.201812190825/tools/compiler/bin/../lib/gcc/arm-none-eabi/7.3.1/../../../../arm-none-eabi/lib/thumb/v7e-m/fpv4-sp/hard\libc.a(lib_a-__atexit.o)
                0x08001858                __register_exitproc
 *(.glue_7)
 .glue_7        0x08001918        0x0 linker stubs
 *(.glue_7t)
 .glue_7t       0x08001918        0x0 linker stubs
 *(.eh_frame)
 .eh_frame      0x08001918        0x0 c:/ac6/systemworkbench/plugins/fr.ac6.mcu.externaltools.arm-none.win32_1.17.0.201812190825/tools/compiler/bin/../lib/gcc/arm-none-eabi/7.3.1/thumb/v7e-m/fpv4-sp/hard/crtbegin.o
 *(.init)
 .init          0x08001918        0x4 c:/ac6/systemworkbench/plugins/fr.ac6.mcu.externaltools.arm-none.win32_1.17.0.201812190825/tools/compiler/bin/../lib/gcc/arm-none-eabi/7.3.1/thumb/v7e-m/fpv4-sp/hard/crti.o
                0x08001918                _init
 .init          0x0800191c        0x8 c:/ac6/systemworkbench/plugins/fr.ac6.mcu.externaltools.arm-none.win32_1.17.0.201812190825/tools/compiler/bin/../lib/gcc/arm-none-eabi/7.3.1/thumb/v7e-m/fpv4-sp/hard/crtn.o
 *(.fini)
 .fini          0x08001924        0x4 c:/ac6/systemworkbench/plugins/fr.ac6.mcu.externaltools.arm-none.win32_1.17.0.201812190825/tools/compiler/bin/../lib/gcc/arm-none-eabi/7.3.1/thumb/v7e-m/fpv4-sp/hard/crti.o
                0x08001924                _fini
 .fini          0x08001928        0x8 c:/ac6/systemworkbench/plugins/fr.ac6.mcu.externaltools.arm-none.win32_1.17.0.201812190825/tools/compiler/bin/../lib/gcc/arm-none-eabi/7.3.1/thumb/v7e-m/fpv4-sp/hard/crtn.o
                0x08001930                . = ALIGN (0x4)
                0x08001930                _etext = .

.vfp11_veneer   0x08001930        0x0
 .vfp11_veneer  0x08001930        0x0 linker stubs

.v4_bx          0x08001930        0x0
 .v4_bx         0x08001930        0x0 linker stubs

.iplt           0x08001930        0x0
 .iplt          0x08001930        0x0 c:/ac6/systemworkbench/plugins/fr.ac6.mcu.externaltools.arm-none.win32_1.17.0.201812190825/tools/compiler/bin/../lib/gcc/arm-none-eabi/7.3.1/thumb/v7e-m/fpv4-sp/hard/crtbegin.o

.rodata         0x08001930        0x4
                0x08001930                . = ALIGN (0x4)
 *(.rodata)
 *(.rodata*)
 .rodata._global_impure_ptr
                0x08001930        0x4 c:/ac6/systemworkbench/plugins/fr.ac6.mcu.externaltools.arm-none.win32_1.17.0.201812190825/tools/compiler/bin/../lib/gcc/arm-none-eabi/7.3.1/../../../../arm-none-eabi/lib/thumb/v7e-m/fpv4-sp/hard\libc.a(lib_a-impure.o)
                0x08001930                _global_impure_ptr
                0x08001934                . = ALIGN (0x4)

.rel.dyn        0x08001934        0x0
 .rel.iplt      0x08001934        0x0 c:/ac6/systemworkbench/plugins/fr.ac6.mcu.externaltools.arm-none.win32_1.17.0.201812190825/tools/compiler/bin/../lib/gcc/arm-none-eabi/7.3.1/thumb/v7e-m/fpv4-sp/hard/crtbegin.o

.ARM.extab      0x08001934        0x0
                0x08001934                . = ALIGN (0x4)
 *(.ARM.extab* .gnu.linkonce.armextab.*)
                0x08001934                . = ALIGN (0x4)

.ARM            0x08001934        0x0
                0x08001934                . = ALIGN (0x4)
                0x08001934                __exidx_start = .
 *(.ARM.exidx*)
                0x08001934                __exidx_end = .
                0x08001934                . = ALIGN (0x4)

.preinit_array  0x08001934        0x0
                0x08001934                . = ALIGN (0x4)
                0x08001934                PROVIDE (__preinit_array_start = .)
 *(.preinit_array*)
                0x08001934                PROVIDE (__preinit_array_end = .)
                0x08001934                . = ALIGN (0x4)

.init_array     0x08001934        0x8
                0x08001934                . = ALIGN (0x4)
                0x08001934                PROVIDE (__init_array_start = .)
 *(SORT_BY_NAME(.init_array.*))
 .init_array.00000
                0x08001934        0x4 c:/ac6/systemworkbench/plugins/fr.ac6.mcu.externaltools.arm-none.win32_1.17.0.201812190825/tools/compiler/bin/../lib/gcc/arm-none-eabi/7.3.1/../../../../arm-none-eabi/lib/thumb/v7e-m/fpv4-sp/hard\libc.a(lib_a-__call_atexit.o)
 *(.init_array*)
 .init_array    0x08001938        0x4 c:/ac6/systemworkbench/plugins/fr.ac6.mcu.externaltools.arm-none.win32_1.17.0.201812190825/tools/compiler/bin/../lib/gcc/arm-none-eabi/7.3.1/thumb/v7e-m/fpv4-sp/hard/crtbegin.o
                0x0800193c                PROVIDE (__init_array_end = .)
                0x0800193c                . = ALIGN (0x4)

.fini_array     0x0800193c        0x4
                0x0800193c                . = ALIGN (0x4)
                0x0800193c                PROVIDE (__fini_array_start = .)
 *(SORT_BY_NAME(.fini_array.*))
 *(.fini_array*)
 .fini_array    0x0800193c        0x4 c:/ac6/systemworkbench/plugins/fr.ac6.mcu.externaltools.arm-none.win32_1.17.0.201812190825/tools/compiler/bin/../lib/gcc/arm-none-eabi/7.3.1/thumb/v7e-m/fpv4-sp/hard/crtbegin.o
                0x08001940                PROVIDE (__fini_array_end = .)
                0x08001940                . = ALIGN (0x4)
                0x08001940                _sidata = LOADADDR (.data)

.data           0x20000000      0x43c load address 0x08001940
                0x20000000                . = ALIGN (0x4)
                0x20000000                _sdata = .
 *(.data)
 .data          0x20000000        0x8 Drivers/src/PollDataClient.o
                0x20000000                setpoint
 .data          0x20000008        0x8 Drivers/src/poller.o
                0x20000008                polling_enabled
                0x2000000c                polling_counter
 *(.data*)
 .data.impure_data
                0x20000010      0x428 c:/ac6/systemworkbench/plugins/fr.ac6.mcu.externaltools.arm-none.win32_1.17.0.201812190825/tools/compiler/bin/../lib/gcc/arm-none-eabi/7.3.1/../../../../arm-none-eabi/lib/thumb/v7e-m/fpv4-sp/hard\libc.a(lib_a-impure.o)
 .data.__atexit_recursive_mutex
                0x20000438        0x4 c:/ac6/systemworkbench/plugins/fr.ac6.mcu.externaltools.arm-none.win32_1.17.0.201812190825/tools/compiler/bin/../lib/gcc/arm-none-eabi/7.3.1/../../../../arm-none-eabi/lib/thumb/v7e-m/fpv4-sp/hard\libc.a(lib_a-__call_atexit.o)
                0x20000438                __atexit_recursive_mutex
                0x2000043c                . = ALIGN (0x4)
                0x2000043c                _edata = .

.igot.plt       0x2000043c        0x0 load address 0x08001d7c
 .igot.plt      0x2000043c        0x0 c:/ac6/systemworkbench/plugins/fr.ac6.mcu.externaltools.arm-none.win32_1.17.0.201812190825/tools/compiler/bin/../lib/gcc/arm-none-eabi/7.3.1/thumb/v7e-m/fpv4-sp/hard/crtbegin.o
                0x2000043c                . = ALIGN (0x4)

.bss            0x20000440       0x68 load address 0x08001d7c
                0x20000440                _sbss = .
                0x20000440                __bss_start__ = _sbss
 *(.bss)
 .bss           0x20000440       0x1c c:/ac6/systemworkbench/plugins/fr.ac6.mcu.externaltools.arm-none.win32_1.17.0.201812190825/tools/compiler/bin/../lib/gcc/arm-none-eabi/7.3.1/thumb/v7e-m/fpv4-sp/hard/crtbegin.o
 *fill*         0x2000045c        0x4 
 .bss           0x20000460       0x18 Drivers/src/PollDataClient.o
                0x20000460                sumerror
                0x20000468                error
                0x20000470                frac
 .bss           0x20000478        0x8 Drivers/src/device.o
                0x20000478                spiData
                0x2000047c                temperature
 .bss           0x20000480        0x4 Drivers/src/poller.o
                0x20000480                counter
 *(.bss*)
 *(COMMON)
 COMMON         0x20000484       0x21 c:/ac6/systemworkbench/plugins/fr.ac6.mcu.externaltools.arm-none.win32_1.17.0.201812190825/tools/compiler/bin/../lib/gcc/arm-none-eabi/7.3.1/../../../../arm-none-eabi/lib/thumb/v7e-m/fpv4-sp/hard\libc.a(lib_a-lock.o)
                0x20000484                __lock___atexit_recursive_mutex
                0x20000488                __lock___arc4random_mutex
                0x2000048c                __lock___env_recursive_mutex
                0x20000490                __lock___sinit_recursive_mutex
                0x20000494                __lock___malloc_recursive_mutex
                0x20000498                __lock___at_quick_exit_mutex
                0x2000049c                __lock___dd_hash_mutex
                0x200004a0                __lock___tz_mutex
                0x200004a4                __lock___sfp_recursive_mutex
                0x200004a8                . = ALIGN (0x4)
 *fill*         0x200004a5        0x3 
                0x200004a8                _ebss = .
                0x200004a8                __bss_end__ = _ebss

._user_heap_stack
                0x200004a8      0x400 load address 0x08001d7c
                0x200004a8                . = ALIGN (0x8)
                0x200004a8                PROVIDE (end = .)
                [!provide]                PROVIDE (_end = .)
                0x200004a8                . = (. + _Min_Heap_Size)
                0x200008a8                . = (. + _Min_Stack_Size)
 *fill*         0x200004a8      0x400 
                0x200008a8                . = ALIGN (0x8)

/DISCARD/
 libc.a(*)
 libm.a(*)
 libgcc.a(*)

.ARM.attributes
                0x00000000       0x30
 *(.ARM.attributes)
 .ARM.attributes
                0x00000000       0x22 c:/ac6/systemworkbench/plugins/fr.ac6.mcu.externaltools.arm-none.win32_1.17.0.201812190825/tools/compiler/bin/../lib/gcc/arm-none-eabi/7.3.1/thumb/v7e-m/fpv4-sp/hard/crti.o
 .ARM.attributes
                0x00000022       0x34 c:/ac6/systemworkbench/plugins/fr.ac6.mcu.externaltools.arm-none.win32_1.17.0.201812190825/tools/compiler/bin/../lib/gcc/arm-none-eabi/7.3.1/thumb/v7e-m/fpv4-sp/hard/crtbegin.o
 .ARM.attributes
                0x00000056       0x39 Drivers/src/PollDataClient.o
 .ARM.attributes
                0x0000008f       0x39 Drivers/src/PollerTimer.o
 .ARM.attributes
                0x000000c8       0x39 Drivers/src/SPI.o
 .ARM.attributes
                0x00000101       0x39 Drivers/src/TIM.o
 .ARM.attributes
                0x0000013a       0x39 Drivers/src/device.o
 .ARM.attributes
                0x00000173       0x39 Drivers/src/gpio.o
 .ARM.attributes
                0x000001ac       0x39 Drivers/src/poller.o
 .ARM.attributes
                0x000001e5       0x39 src/main.o
 .ARM.attributes
                0x0000021e       0x39 src/system_stm32f4xx.o
 .ARM.attributes
                0x00000257       0x21 startup/startup_stm32.o
 .ARM.attributes
                0x00000278       0x22 c:/ac6/systemworkbench/plugins/fr.ac6.mcu.externaltools.arm-none.win32_1.17.0.201812190825/tools/compiler/bin/../lib/gcc/arm-none-eabi/7.3.1/thumb/v7e-m/fpv4-sp/hard\libgcc.a(_arm_addsubdf3.o)
 .ARM.attributes
                0x0000029a       0x22 c:/ac6/systemworkbench/plugins/fr.ac6.mcu.externaltools.arm-none.win32_1.17.0.201812190825/tools/compiler/bin/../lib/gcc/arm-none-eabi/7.3.1/thumb/v7e-m/fpv4-sp/hard\libgcc.a(_arm_muldivdf3.o)
 .ARM.attributes
                0x000002bc       0x22 c:/ac6/systemworkbench/plugins/fr.ac6.mcu.externaltools.arm-none.win32_1.17.0.201812190825/tools/compiler/bin/../lib/gcc/arm-none-eabi/7.3.1/thumb/v7e-m/fpv4-sp/hard\libgcc.a(_arm_cmpdf2.o)
 .ARM.attributes
                0x000002de       0x22 c:/ac6/systemworkbench/plugins/fr.ac6.mcu.externaltools.arm-none.win32_1.17.0.201812190825/tools/compiler/bin/../lib/gcc/arm-none-eabi/7.3.1/thumb/v7e-m/fpv4-sp/hard\libgcc.a(_arm_fixunsdfsi.o)
 .ARM.attributes
                0x00000300       0x34 c:/ac6/systemworkbench/plugins/fr.ac6.mcu.externaltools.arm-none.win32_1.17.0.201812190825/tools/compiler/bin/../lib/gcc/arm-none-eabi/7.3.1/../../../../arm-none-eabi/lib/thumb/v7e-m/fpv4-sp/hard\libc.a(lib_a-impure.o)
 .ARM.attributes
                0x00000334       0x34 c:/ac6/systemworkbench/plugins/fr.ac6.mcu.externaltools.arm-none.win32_1.17.0.201812190825/tools/compiler/bin/../lib/gcc/arm-none-eabi/7.3.1/../../../../arm-none-eabi/lib/thumb/v7e-m/fpv4-sp/hard\libc.a(lib_a-init.o)
 .ARM.attributes
                0x00000368       0x34 c:/ac6/systemworkbench/plugins/fr.ac6.mcu.externaltools.arm-none.win32_1.17.0.201812190825/tools/compiler/bin/../lib/gcc/arm-none-eabi/7.3.1/../../../../arm-none-eabi/lib/thumb/v7e-m/fpv4-sp/hard\libc.a(lib_a-__call_atexit.o)
 .ARM.attributes
                0x0000039c       0x34 c:/ac6/systemworkbench/plugins/fr.ac6.mcu.externaltools.arm-none.win32_1.17.0.201812190825/tools/compiler/bin/../lib/gcc/arm-none-eabi/7.3.1/../../../../arm-none-eabi/lib/thumb/v7e-m/fpv4-sp/hard\libc.a(lib_a-atexit.o)
 .ARM.attributes
                0x000003d0       0x34 c:/ac6/systemworkbench/plugins/fr.ac6.mcu.externaltools.arm-none.win32_1.17.0.201812190825/tools/compiler/bin/../lib/gcc/arm-none-eabi/7.3.1/../../../../arm-none-eabi/lib/thumb/v7e-m/fpv4-sp/hard\libc.a(lib_a-fini.o)
 .ARM.attributes
                0x00000404       0x34 c:/ac6/systemworkbench/plugins/fr.ac6.mcu.externaltools.arm-none.win32_1.17.0.201812190825/tools/compiler/bin/../lib/gcc/arm-none-eabi/7.3.1/../../../../arm-none-eabi/lib/thumb/v7e-m/fpv4-sp/hard\libc.a(lib_a-lock.o)
 .ARM.attributes
                0x00000438       0x34 c:/ac6/systemworkbench/plugins/fr.ac6.mcu.externaltools.arm-none.win32_1.17.0.201812190825/tools/compiler/bin/../lib/gcc/arm-none-eabi/7.3.1/../../../../arm-none-eabi/lib/thumb/v7e-m/fpv4-sp/hard\libc.a(lib_a-__atexit.o)
 .ARM.attributes
                0x0000046c       0x22 c:/ac6/systemworkbench/plugins/fr.ac6.mcu.externaltools.arm-none.win32_1.17.0.201812190825/tools/compiler/bin/../lib/gcc/arm-none-eabi/7.3.1/thumb/v7e-m/fpv4-sp/hard/crtn.o
OUTPUT(43_polling.elf elf32-littlearm)

.debug_info     0x00000000     0x261a
 .debug_info    0x00000000      0x167 Drivers/src/PollDataClient.o
 .debug_info    0x00000167      0x818 Drivers/src/PollerTimer.o
 .debug_info    0x0000097f      0x4f6 Drivers/src/SPI.o
 .debug_info    0x00000e75      0x5b3 Drivers/src/TIM.o
 .debug_info    0x00001428      0x24f Drivers/src/device.o
 .debug_info    0x00001677      0x4fd Drivers/src/gpio.o
 .debug_info    0x00001b74       0xdf Drivers/src/poller.o
 .debug_info    0x00001c53      0x393 src/main.o
 .debug_info    0x00001fe6      0x612 src/system_stm32f4xx.o
 .debug_info    0x000025f8       0x22 startup/startup_stm32.o

.debug_abbrev   0x00000000      0x9ac
 .debug_abbrev  0x00000000       0xd5 Drivers/src/PollDataClient.o
 .debug_abbrev  0x000000d5      0x173 Drivers/src/PollerTimer.o
 .debug_abbrev  0x00000248      0x124 Drivers/src/SPI.o
 .debug_abbrev  0x0000036c       0xfd Drivers/src/TIM.o
 .debug_abbrev  0x00000469      0x122 Drivers/src/device.o
 .debug_abbrev  0x0000058b      0x122 Drivers/src/gpio.o
 .debug_abbrev  0x000006ad       0xb1 Drivers/src/poller.o
 .debug_abbrev  0x0000075e       0xdf src/main.o
 .debug_abbrev  0x0000083d      0x15d src/system_stm32f4xx.o
 .debug_abbrev  0x0000099a       0x12 startup/startup_stm32.o

.debug_aranges  0x00000000      0x220
 .debug_aranges
                0x00000000       0x28 Drivers/src/PollDataClient.o
 .debug_aranges
                0x00000028       0x50 Drivers/src/PollerTimer.o
 .debug_aranges
                0x00000078       0x48 Drivers/src/SPI.o
 .debug_aranges
                0x000000c0       0x28 Drivers/src/TIM.o
 .debug_aranges
                0x000000e8       0x38 Drivers/src/device.o
 .debug_aranges
                0x00000120       0x48 Drivers/src/gpio.o
 .debug_aranges
                0x00000168       0x38 Drivers/src/poller.o
 .debug_aranges
                0x000001a0       0x28 src/main.o
 .debug_aranges
                0x000001c8       0x30 src/system_stm32f4xx.o
 .debug_aranges
                0x000001f8       0x28 startup/startup_stm32.o

.debug_ranges   0x00000000      0x188
 .debug_ranges  0x00000000       0x18 Drivers/src/PollDataClient.o
 .debug_ranges  0x00000018       0x40 Drivers/src/PollerTimer.o
 .debug_ranges  0x00000058       0x38 Drivers/src/SPI.o
 .debug_ranges  0x00000090       0x18 Drivers/src/TIM.o
 .debug_ranges  0x000000a8       0x28 Drivers/src/device.o
 .debug_ranges  0x000000d0       0x38 Drivers/src/gpio.o
 .debug_ranges  0x00000108       0x28 Drivers/src/poller.o
 .debug_ranges  0x00000130       0x18 src/main.o
 .debug_ranges  0x00000148       0x20 src/system_stm32f4xx.o
 .debug_ranges  0x00000168       0x20 startup/startup_stm32.o

.debug_macro    0x00000000     0x9a09
 .debug_macro   0x00000000       0xc2 Drivers/src/PollDataClient.o
 .debug_macro   0x000000c2       0x65 Drivers/src/PollDataClient.o
 .debug_macro   0x00000127       0x3b Drivers/src/PollDataClient.o
 .debug_macro   0x00000162       0x22 Drivers/src/PollDataClient.o
 .debug_macro   0x00000184       0x8e Drivers/src/PollDataClient.o
 .debug_macro   0x00000212       0x51 Drivers/src/PollDataClient.o
 .debug_macro   0x00000263       0xef Drivers/src/PollDataClient.o
 .debug_macro   0x00000352       0x6a Drivers/src/PollDataClient.o
 .debug_macro   0x000003bc      0x1df Drivers/src/PollDataClient.o
 .debug_macro   0x0000059b       0x34 Drivers/src/PollDataClient.o
 .debug_macro   0x000005cf       0x26 Drivers/src/PollDataClient.o
 .debug_macro   0x000005f5      0xe43 Drivers/src/PollDataClient.o
 .debug_macro   0x00001438     0x800a Drivers/src/PollDataClient.o
 .debug_macro   0x00009442       0x2e Drivers/src/PollDataClient.o
 .debug_macro   0x00009470       0xbf Drivers/src/PollerTimer.o
 .debug_macro   0x0000952f       0xb5 Drivers/src/SPI.o
 .debug_macro   0x000095e4       0xbf Drivers/src/TIM.o
 .debug_macro   0x000096a3       0xc9 Drivers/src/device.o
 .debug_macro   0x0000976c       0xb5 Drivers/src/gpio.o
 .debug_macro   0x00009821       0x2e Drivers/src/poller.o
 .debug_macro   0x0000984f       0xeb src/main.o
 .debug_macro   0x0000993a       0xcf src/system_stm32f4xx.o

.debug_line     0x00000000     0x22b6
 .debug_line    0x00000000      0x412 Drivers/src/PollDataClient.o
 .debug_line    0x00000412      0x454 Drivers/src/PollerTimer.o
 .debug_line    0x00000866      0x445 Drivers/src/SPI.o
 .debug_line    0x00000cab      0x3ec Drivers/src/TIM.o
 .debug_line    0x00001097      0x413 Drivers/src/device.o
 .debug_line    0x000014aa      0x47f Drivers/src/gpio.o
 .debug_line    0x00001929       0xe3 Drivers/src/poller.o
 .debug_line    0x00001a0c      0x41f src/main.o
 .debug_line    0x00001e2b      0x40f src/system_stm32f4xx.o
 .debug_line    0x0000223a       0x7c startup/startup_stm32.o

.debug_str      0x00000000    0x35f50
 .debug_str     0x00000000    0x354bb Drivers/src/PollDataClient.o
                              0x35632 (size before relaxing)
 .debug_str     0x000354bb      0x63b Drivers/src/PollerTimer.o
                              0x35bba (size before relaxing)
 .debug_str     0x00035af6       0xd6 Drivers/src/SPI.o
                              0x35790 (size before relaxing)
 .debug_str     0x00035bcc       0x7b Drivers/src/TIM.o
                              0x35809 (size before relaxing)
 .debug_str     0x00035c47       0x8a Drivers/src/device.o
                              0x35662 (size before relaxing)
 .debug_str     0x00035cd1       0x77 Drivers/src/gpio.o
                              0x35760 (size before relaxing)
 .debug_str     0x00035d48       0x72 Drivers/src/poller.o
                               0x2dbb (size before relaxing)
 .debug_str     0x00035dba       0x23 src/main.o
                              0x35713 (size before relaxing)
 .debug_str     0x00035ddd      0x14a src/system_stm32f4xx.o
                              0x357fa (size before relaxing)
 .debug_str     0x00035f27       0x29 startup/startup_stm32.o
                                 0x50 (size before relaxing)

.comment        0x00000000       0x7f
 .comment       0x00000000       0x7f Drivers/src/PollDataClient.o
                                 0x80 (size before relaxing)
 .comment       0x0000007f       0x80 Drivers/src/PollerTimer.o
 .comment       0x0000007f       0x80 Drivers/src/SPI.o
 .comment       0x0000007f       0x80 Drivers/src/TIM.o
 .comment       0x0000007f       0x80 Drivers/src/device.o
 .comment       0x0000007f       0x80 Drivers/src/gpio.o
 .comment       0x0000007f       0x80 Drivers/src/poller.o
 .comment       0x0000007f       0x80 src/main.o
 .comment       0x0000007f       0x80 src/system_stm32f4xx.o

.debug_frame    0x00000000      0x91c
 .debug_frame   0x00000000       0x60 Drivers/src/PollDataClient.o
 .debug_frame   0x00000060       0xf4 Drivers/src/PollerTimer.o
 .debug_frame   0x00000154       0xe0 Drivers/src/SPI.o
 .debug_frame   0x00000234       0x54 Drivers/src/TIM.o
 .debug_frame   0x00000288       0x90 Drivers/src/device.o
 .debug_frame   0x00000318       0xfc Drivers/src/gpio.o
 .debug_frame   0x00000414       0xa0 Drivers/src/poller.o
 .debug_frame   0x000004b4       0x48 src/main.o
 .debug_frame   0x000004fc       0x7c src/system_stm32f4xx.o
 .debug_frame   0x00000578       0xac c:/ac6/systemworkbench/plugins/fr.ac6.mcu.externaltools.arm-none.win32_1.17.0.201812190825/tools/compiler/bin/../lib/gcc/arm-none-eabi/7.3.1/thumb/v7e-m/fpv4-sp/hard\libgcc.a(_arm_addsubdf3.o)
 .debug_frame   0x00000624       0x50 c:/ac6/systemworkbench/plugins/fr.ac6.mcu.externaltools.arm-none.win32_1.17.0.201812190825/tools/compiler/bin/../lib/gcc/arm-none-eabi/7.3.1/thumb/v7e-m/fpv4-sp/hard\libgcc.a(_arm_muldivdf3.o)
 .debug_frame   0x00000674       0xc4 c:/ac6/systemworkbench/plugins/fr.ac6.mcu.externaltools.arm-none.win32_1.17.0.201812190825/tools/compiler/bin/../lib/gcc/arm-none-eabi/7.3.1/thumb/v7e-m/fpv4-sp/hard\libgcc.a(_arm_cmpdf2.o)
 .debug_frame   0x00000738       0x24 c:/ac6/systemworkbench/plugins/fr.ac6.mcu.externaltools.arm-none.win32_1.17.0.201812190825/tools/compiler/bin/../lib/gcc/arm-none-eabi/7.3.1/thumb/v7e-m/fpv4-sp/hard\libgcc.a(_arm_fixunsdfsi.o)
 .debug_frame   0x0000075c       0x2c c:/ac6/systemworkbench/plugins/fr.ac6.mcu.externaltools.arm-none.win32_1.17.0.201812190825/tools/compiler/bin/../lib/gcc/arm-none-eabi/7.3.1/../../../../arm-none-eabi/lib/thumb/v7e-m/fpv4-sp/hard\libc.a(lib_a-init.o)
 .debug_frame   0x00000788       0x5c c:/ac6/systemworkbench/plugins/fr.ac6.mcu.externaltools.arm-none.win32_1.17.0.201812190825/tools/compiler/bin/../lib/gcc/arm-none-eabi/7.3.1/../../../../arm-none-eabi/lib/thumb/v7e-m/fpv4-sp/hard\libc.a(lib_a-__call_atexit.o)
 .debug_frame   0x000007e4       0x20 c:/ac6/systemworkbench/plugins/fr.ac6.mcu.externaltools.arm-none.win32_1.17.0.201812190825/tools/compiler/bin/../lib/gcc/arm-none-eabi/7.3.1/../../../../arm-none-eabi/lib/thumb/v7e-m/fpv4-sp/hard\libc.a(lib_a-atexit.o)
 .debug_frame   0x00000804       0x34 c:/ac6/systemworkbench/plugins/fr.ac6.mcu.externaltools.arm-none.win32_1.17.0.201812190825/tools/compiler/bin/../lib/gcc/arm-none-eabi/7.3.1/../../../../arm-none-eabi/lib/thumb/v7e-m/fpv4-sp/hard\libc.a(lib_a-fini.o)
 .debug_frame   0x00000838       0xb0 c:/ac6/systemworkbench/plugins/fr.ac6.mcu.externaltools.arm-none.win32_1.17.0.201812190825/tools/compiler/bin/../lib/gcc/arm-none-eabi/7.3.1/../../../../arm-none-eabi/lib/thumb/v7e-m/fpv4-sp/hard\libc.a(lib_a-lock.o)
 .debug_frame   0x000008e8       0x34 c:/ac6/systemworkbench/plugins/fr.ac6.mcu.externaltools.arm-none.win32_1.17.0.201812190825/tools/compiler/bin/../lib/gcc/arm-none-eabi/7.3.1/../../../../arm-none-eabi/lib/thumb/v7e-m/fpv4-sp/hard\libc.a(lib_a-__atexit.o)
